// Jest Snapshot v1, https://goo.gl/fbAQLP

exports[`Responsive attributes mechanisms On change attributes from XL responsive and then change from "M", "general" attributes change 1`] = `"<style>body.maxi-blocks--active .edit-post-visual-editor .maxi-block.maxi-block--backend.group-maxi-1se8ef1z-u,body.maxi-blocks--active .edit-post-visual-editor[maxi-blocks-responsive] .maxi-block.maxi-block--backend.group-maxi-1se8ef1z-u{ margin-top: 10px; margin-right: 10px; margin-bottom: 10px; margin-left: 10px; flex-direction: column;}body.maxi-blocks--active .edit-post-visual-editor[maxi-blocks-responsive="m"] .maxi-block.maxi-block--backend.group-maxi-1se8ef1z-u,body.maxi-blocks--active .edit-post-visual-editor[maxi-blocks-responsive="s"] .maxi-block.maxi-block--backend.group-maxi-1se8ef1z-u,body.maxi-blocks--active .edit-post-visual-editor[maxi-blocks-responsive="xs"] .maxi-block.maxi-block--backend.group-maxi-1se8ef1z-u{ margin-top: 10px; margin-right: 10px; margin-bottom: 10px; margin-left: 10px; flex-direction: column;}body.maxi-blocks--active .edit-post-visual-editor[maxi-blocks-responsive="m"] .maxi-block.maxi-block--backend.group-maxi-1se8ef1z-u,body.maxi-blocks--active .edit-post-visual-editor[maxi-blocks-responsive="s"] .maxi-block.maxi-block--backend.group-maxi-1se8ef1z-u,body.maxi-blocks--active .edit-post-visual-editor[maxi-blocks-responsive="xs"] .maxi-block.maxi-block--backend.group-maxi-1se8ef1z-u{ margin-top: 10px; margin-right: 10px; margin-bottom: 10px; margin-left: 10px;}</style>"`;

exports[`Responsive attributes mechanisms On change attributes from XL responsive, just "XL" attributes change 1`] = `"<style>body.maxi-blocks--active .edit-post-visual-editor .maxi-block.maxi-block--backend.group-maxi-1se8ef1z-u,body.maxi-blocks--active .edit-post-visual-editor[maxi-blocks-responsive] .maxi-block.maxi-block--backend.group-maxi-1se8ef1z-u{ flex-direction: column;}body.maxi-blocks--active .edit-post-visual-editor[maxi-blocks-responsive="m"] .maxi-block.maxi-block--backend.group-maxi-1se8ef1z-u,body.maxi-blocks--active .edit-post-visual-editor[maxi-blocks-responsive="s"] .maxi-block.maxi-block--backend.group-maxi-1se8ef1z-u,body.maxi-blocks--active .edit-post-visual-editor[maxi-blocks-responsive="xs"] .maxi-block.maxi-block--backend.group-maxi-1se8ef1z-u{ flex-direction: column;}body.maxi-blocks--active .edit-post-visual-editor[maxi-blocks-responsive="m"] .maxi-block.maxi-block--backend.group-maxi-1se8ef1z-u,body.maxi-blocks--active .edit-post-visual-editor[maxi-blocks-responsive="s"] .maxi-block.maxi-block--backend.group-maxi-1se8ef1z-u,body.maxi-blocks--active .edit-post-visual-editor[maxi-blocks-responsive="xs"] .maxi-block.maxi-block--backend.group-maxi-1se8ef1z-u{ border-style: none;}body.maxi-blocks--active .edit-post-visual-editor[maxi-blocks-responsive="xl"] .maxi-block.maxi-block--backend.group-maxi-1se8ef1z-u,body.maxi-blocks--active .edit-post-visual-editor[maxi-blocks-responsive="l"] .maxi-block.maxi-block--backend.group-maxi-1se8ef1z-u,body.maxi-blocks--active .edit-post-visual-editor[maxi-blocks-responsive="m"] .maxi-block.maxi-block--backend.group-maxi-1se8ef1z-u,body.maxi-blocks--active .edit-post-visual-editor[maxi-blocks-responsive="s"] .maxi-block.maxi-block--backend.group-maxi-1se8ef1z-u,body.maxi-blocks--active .edit-post-visual-editor[maxi-blocks-responsive="xs"] .maxi-block.maxi-block--backend.group-maxi-1se8ef1z-u{ border-color: rgba(var(--maxi-light-color-2,242,249,253),1); border-style: solid; border-top-width: 2px; border-right-width: 2px; border-bottom-width: 2px; border-left-width: 2px;}body.maxi-blocks--active .edit-post-visual-editor[maxi-blocks-responsive="xl"] .maxi-block.maxi-block--backend.group-maxi-1se8ef1z-u > .maxi-background-displayer,body.maxi-blocks--active .edit-post-visual-editor[maxi-blocks-responsive="l"] .maxi-block.maxi-block--backend.group-maxi-1se8ef1z-u > .maxi-background-displayer,body.maxi-blocks--active .edit-post-visual-editor[maxi-blocks-responsive="m"] .maxi-block.maxi-block--backend.group-maxi-1se8ef1z-u > .maxi-background-displayer,body.maxi-blocks--active .edit-post-visual-editor[maxi-blocks-responsive="s"] .maxi-block.maxi-block--backend.group-maxi-1se8ef1z-u > .maxi-background-displayer,body.maxi-blocks--active .edit-post-visual-editor[maxi-blocks-responsive="xs"] .maxi-block.maxi-block--backend.group-maxi-1se8ef1z-u > .maxi-background-displayer{ border-color: rgba(var(--maxi-light-color-2,242,249,253),1); border-style: solid; border-top-width: 2px; border-right-width: 2px; border-bottom-width: 2px; border-left-width: 2px; border-top-style: solid; border-right-style: solid; border-bottom-style: solid; border-left-style: solid; top: -2px; bottom: -2px; left: -2px; right: -2px;}</style>"`;

exports[`Responsive attributes mechanisms On change attributes from XXL responsive and some of them that have default on general, just "general" attributes change 1`] = `"<style>body.maxi-blocks--active .edit-post-visual-editor .maxi-block.maxi-block--backend.group-maxi-1se8ef1z-u,body.maxi-blocks--active .edit-post-visual-editor[maxi-blocks-responsive] .maxi-block.maxi-block--backend.group-maxi-1se8ef1z-u{ flex-direction: column;}body.maxi-blocks--active .edit-post-visual-editor[maxi-blocks-responsive="m"] .maxi-block.maxi-block--backend.group-maxi-1se8ef1z-u,body.maxi-blocks--active .edit-post-visual-editor[maxi-blocks-responsive="s"] .maxi-block.maxi-block--backend.group-maxi-1se8ef1z-u,body.maxi-blocks--active .edit-post-visual-editor[maxi-blocks-responsive="xs"] .maxi-block.maxi-block--backend.group-maxi-1se8ef1z-u{ flex-direction: column;}body.maxi-blocks--active .edit-post-visual-editor[maxi-blocks-responsive="xxl"] .maxi-block.maxi-block--backend.group-maxi-1se8ef1z-u{ border-color: rgba(var(--maxi-light-color-2,242,249,253),1); border-style: solid; border-top-width: 2px; border-right-width: 2px; border-bottom-width: 2px; border-left-width: 2px;}body.maxi-blocks--active .edit-post-visual-editor[maxi-blocks-responsive="xxl"] .maxi-block.maxi-block--backend.group-maxi-1se8ef1z-u > .maxi-background-displayer{ border-color: rgba(var(--maxi-light-color-2,242,249,253),1); border-style: solid; border-top-width: 2px; border-right-width: 2px; border-bottom-width: 2px; border-left-width: 2px; border-top-style: solid; border-right-style: solid; border-bottom-style: solid; border-left-style: solid; top: -2px; bottom: -2px; left: -2px; right: -2px;}</style>"`;

exports[`Responsive attributes mechanisms On change attributes from XXL responsive and without a default general attribute value, just "general" change 1`] = `"<style>body.maxi-blocks--active .edit-post-visual-editor .maxi-block.maxi-block--backend.group-maxi-1se8ef1z-u,body.maxi-blocks--active .edit-post-visual-editor[maxi-blocks-responsive] .maxi-block.maxi-block--backend.group-maxi-1se8ef1z-u{ margin-top: 100px; margin-right: 100px; margin-bottom: 100px; margin-left: 100px; flex-direction: column;}body.maxi-blocks--active .edit-post-visual-editor[maxi-blocks-responsive="m"] .maxi-block.maxi-block--backend.group-maxi-1se8ef1z-u,body.maxi-blocks--active .edit-post-visual-editor[maxi-blocks-responsive="s"] .maxi-block.maxi-block--backend.group-maxi-1se8ef1z-u,body.maxi-blocks--active .edit-post-visual-editor[maxi-blocks-responsive="xs"] .maxi-block.maxi-block--backend.group-maxi-1se8ef1z-u{ margin-top: 100px; margin-right: 100px; margin-bottom: 100px; margin-left: 100px; flex-direction: column;}</style>"`;

exports[`Responsive attributes mechanisms On change attributes from base responsive and some attributes have default on general, just "general" attributes change 1`] = `"<style>body.maxi-blocks--active .edit-post-visual-editor .maxi-block.maxi-block--backend.group-maxi-1se8ef1z-u,body.maxi-blocks--active .edit-post-visual-editor[maxi-blocks-responsive] .maxi-block.maxi-block--backend.group-maxi-1se8ef1z-u{ border-color: rgba(var(--maxi-light-color-2,242,249,253),1); border-style: solid; border-top-width: 2px; border-right-width: 2px; border-bottom-width: 2px; border-left-width: 2px; flex-direction: column;}body.maxi-blocks--active .edit-post-visual-editor[maxi-blocks-responsive="m"] .maxi-block.maxi-block--backend.group-maxi-1se8ef1z-u,body.maxi-blocks--active .edit-post-visual-editor[maxi-blocks-responsive="s"] .maxi-block.maxi-block--backend.group-maxi-1se8ef1z-u,body.maxi-blocks--active .edit-post-visual-editor[maxi-blocks-responsive="xs"] .maxi-block.maxi-block--backend.group-maxi-1se8ef1z-u{ border-color: rgba(var(--maxi-light-color-2,242,249,253),1); border-style: solid; border-top-width: 2px; border-right-width: 2px; border-bottom-width: 2px; border-left-width: 2px; flex-direction: column;}body.maxi-blocks--active .edit-post-visual-editor .maxi-block.maxi-block--backend.group-maxi-1se8ef1z-u > .maxi-background-displayer,body.maxi-blocks--active .edit-post-visual-editor[maxi-blocks-responsive] .maxi-block.maxi-block--backend.group-maxi-1se8ef1z-u > .maxi-background-displayer{ border-color: rgba(var(--maxi-light-color-2,242,249,253),1); border-top-width: 2px; border-right-width: 2px; border-bottom-width: 2px; border-left-width: 2px; border-top-style: solid; border-right-style: solid; border-bottom-style: solid; border-left-style: solid; top: -2px; bottom: -2px; left: -2px; right: -2px;}body.maxi-blocks--active .edit-post-visual-editor[maxi-blocks-responsive="m"] .maxi-block.maxi-block--backend.group-maxi-1se8ef1z-u > .maxi-background-displayer,body.maxi-blocks--active .edit-post-visual-editor[maxi-blocks-responsive="s"] .maxi-block.maxi-block--backend.group-maxi-1se8ef1z-u > .maxi-background-displayer,body.maxi-blocks--active .edit-post-visual-editor[maxi-blocks-responsive="xs"] .maxi-block.maxi-block--backend.group-maxi-1se8ef1z-u > .maxi-background-displayer{ border-color: rgba(var(--maxi-light-color-2,242,249,253),1); border-top-width: 2px; border-right-width: 2px; border-bottom-width: 2px; border-left-width: 2px; border-top-style: solid; border-right-style: solid; border-bottom-style: solid; border-left-style: solid; top: -2px; bottom: -2px; left: -2px; right: -2px;}</style>"`;

exports[`Responsive attributes mechanisms On change attributes from base responsive multiple times, just "general" attributes change 1`] = `"<style>body.maxi-blocks--active .edit-post-visual-editor .maxi-block.maxi-block--backend.group-maxi-1se8ef1z-u,body.maxi-blocks--active .edit-post-visual-editor[maxi-blocks-responsive] .maxi-block.maxi-block--backend.group-maxi-1se8ef1z-u{ border-color: rgba(var(--maxi-light-color-2,242,249,253),1); border-style: solid; border-top-width: 2px; border-right-width: 2px; border-bottom-width: 2px; border-left-width: 2px; flex-direction: column;}body.maxi-blocks--active .edit-post-visual-editor[maxi-blocks-responsive="m"] .maxi-block.maxi-block--backend.group-maxi-1se8ef1z-u,body.maxi-blocks--active .edit-post-visual-editor[maxi-blocks-responsive="s"] .maxi-block.maxi-block--backend.group-maxi-1se8ef1z-u,body.maxi-blocks--active .edit-post-visual-editor[maxi-blocks-responsive="xs"] .maxi-block.maxi-block--backend.group-maxi-1se8ef1z-u{ border-color: rgba(var(--maxi-light-color-2,242,249,253),1); border-style: solid; border-top-width: 2px; border-right-width: 2px; border-bottom-width: 2px; border-left-width: 2px; flex-direction: column;}body.maxi-blocks--active .edit-post-visual-editor .maxi-block.maxi-block--backend.group-maxi-1se8ef1z-u > .maxi-background-displayer,body.maxi-blocks--active .edit-post-visual-editor[maxi-blocks-responsive] .maxi-block.maxi-block--backend.group-maxi-1se8ef1z-u > .maxi-background-displayer{ border-color: rgba(var(--maxi-light-color-2,242,249,253),1); border-top-width: 2px; border-right-width: 2px; border-bottom-width: 2px; border-left-width: 2px; border-top-style: solid; border-right-style: solid; border-bottom-style: solid; border-left-style: solid; top: -2px; bottom: -2px; left: -2px; right: -2px;}body.maxi-blocks--active .edit-post-visual-editor[maxi-blocks-responsive="m"] .maxi-block.maxi-block--backend.group-maxi-1se8ef1z-u > .maxi-background-displayer,body.maxi-blocks--active .edit-post-visual-editor[maxi-blocks-responsive="s"] .maxi-block.maxi-block--backend.group-maxi-1se8ef1z-u > .maxi-background-displayer,body.maxi-blocks--active .edit-post-visual-editor[maxi-blocks-responsive="xs"] .maxi-block.maxi-block--backend.group-maxi-1se8ef1z-u > .maxi-background-displayer{ border-color: rgba(var(--maxi-light-color-2,242,249,253),1); border-top-width: 2px; border-right-width: 2px; border-bottom-width: 2px; border-left-width: 2px; border-top-style: solid; border-right-style: solid; border-bottom-style: solid; border-left-style: solid; top: -2px; bottom: -2px; left: -2px; right: -2px;}</style>"`;

exports[`Responsive attributes mechanisms On change attributes from base responsive, just "general" attributes change 1`] = `"<style>body.maxi-blocks--active .edit-post-visual-editor .maxi-block.maxi-block--backend.group-maxi-1se8ef1z-u,body.maxi-blocks--active .edit-post-visual-editor[maxi-blocks-responsive] .maxi-block.maxi-block--backend.group-maxi-1se8ef1z-u{ border-color: rgba(var(--maxi-light-color-2,242,249,253),1); border-style: solid; border-top-width: 2px; border-right-width: 2px; border-bottom-width: 2px; border-left-width: 2px; flex-direction: column;}body.maxi-blocks--active .edit-post-visual-editor[maxi-blocks-responsive="m"] .maxi-block.maxi-block--backend.group-maxi-1se8ef1z-u,body.maxi-blocks--active .edit-post-visual-editor[maxi-blocks-responsive="s"] .maxi-block.maxi-block--backend.group-maxi-1se8ef1z-u,body.maxi-blocks--active .edit-post-visual-editor[maxi-blocks-responsive="xs"] .maxi-block.maxi-block--backend.group-maxi-1se8ef1z-u{ border-color: rgba(var(--maxi-light-color-2,242,249,253),1); border-style: solid; border-top-width: 2px; border-right-width: 2px; border-bottom-width: 2px; border-left-width: 2px; flex-direction: column;}body.maxi-blocks--active .edit-post-visual-editor .maxi-block.maxi-block--backend.group-maxi-1se8ef1z-u > .maxi-background-displayer,body.maxi-blocks--active .edit-post-visual-editor[maxi-blocks-responsive] .maxi-block.maxi-block--backend.group-maxi-1se8ef1z-u > .maxi-background-displayer{ border-color: rgba(var(--maxi-light-color-2,242,249,253),1); border-top-width: 2px; border-right-width: 2px; border-bottom-width: 2px; border-left-width: 2px; border-top-style: solid; border-right-style: solid; border-bottom-style: solid; border-left-style: solid; top: -2px; bottom: -2px; left: -2px; right: -2px;}body.maxi-blocks--active .edit-post-visual-editor[maxi-blocks-responsive="m"] .maxi-block.maxi-block--backend.group-maxi-1se8ef1z-u > .maxi-background-displayer,body.maxi-blocks--active .edit-post-visual-editor[maxi-blocks-responsive="s"] .maxi-block.maxi-block--backend.group-maxi-1se8ef1z-u > .maxi-background-displayer,body.maxi-blocks--active .edit-post-visual-editor[maxi-blocks-responsive="xs"] .maxi-block.maxi-block--backend.group-maxi-1se8ef1z-u > .maxi-background-displayer{ border-color: rgba(var(--maxi-light-color-2,242,249,253),1); border-top-width: 2px; border-right-width: 2px; border-bottom-width: 2px; border-left-width: 2px; border-top-style: solid; border-right-style: solid; border-bottom-style: solid; border-left-style: solid; top: -2px; bottom: -2px; left: -2px; right: -2px;}</style>"`;

exports[`Responsive attributes mechanisms On change number attributes from XXL responsive without General attribute, it changes on XXL and General all time 1`] = `"<style>body.maxi-blocks--active .edit-post-visual-editor .maxi-block.maxi-block--backend.group-maxi-1se8ef1z-u,body.maxi-blocks--active .edit-post-visual-editor[maxi-blocks-responsive] .maxi-block.maxi-block--backend.group-maxi-1se8ef1z-u{ margin-top: 123px; margin-right: 123px; margin-bottom: 123px; margin-left: 123px; flex-direction: column;}body.maxi-blocks--active .edit-post-visual-editor[maxi-blocks-responsive="m"] .maxi-block.maxi-block--backend.group-maxi-1se8ef1z-u,body.maxi-blocks--active .edit-post-visual-editor[maxi-blocks-responsive="s"] .maxi-block.maxi-block--backend.group-maxi-1se8ef1z-u,body.maxi-blocks--active .edit-post-visual-editor[maxi-blocks-responsive="xs"] .maxi-block.maxi-block--backend.group-maxi-1se8ef1z-u{ margin-top: 123px; margin-right: 123px; margin-bottom: 123px; margin-left: 123px; flex-direction: column;}</style>"`;

exports[`Responsive attributes mechanisms On first change attributes from XXL responsive and some of them have default general attribute value, and then changing from XL and from "M", all values correspond 1`] = `"<style>body.maxi-blocks--active .edit-post-visual-editor .maxi-block.maxi-block--backend.group-maxi-1se8ef1z-u,body.maxi-blocks--active .edit-post-visual-editor[maxi-blocks-responsive] .maxi-block.maxi-block--backend.group-maxi-1se8ef1z-u{ border-color: rgba(var(--maxi-light-color-2,242,249,253),1); border-style: dotted; border-top-width: 2px; border-right-width: 2px; border-bottom-width: 2px; border-left-width: 2px; flex-direction: column;}body.maxi-blocks--active .edit-post-visual-editor[maxi-blocks-responsive="m"] .maxi-block.maxi-block--backend.group-maxi-1se8ef1z-u,body.maxi-blocks--active .edit-post-visual-editor[maxi-blocks-responsive="s"] .maxi-block.maxi-block--backend.group-maxi-1se8ef1z-u,body.maxi-blocks--active .edit-post-visual-editor[maxi-blocks-responsive="xs"] .maxi-block.maxi-block--backend.group-maxi-1se8ef1z-u{ border-color: rgba(var(--maxi-light-color-2,242,249,253),1); border-style: dotted; border-top-width: 2px; border-right-width: 2px; border-bottom-width: 2px; border-left-width: 2px; flex-direction: column;}body.maxi-blocks--active .edit-post-visual-editor[maxi-blocks-responsive="m"] .maxi-block.maxi-block--backend.group-maxi-1se8ef1z-u,body.maxi-blocks--active .edit-post-visual-editor[maxi-blocks-responsive="s"] .maxi-block.maxi-block--backend.group-maxi-1se8ef1z-u,body.maxi-blocks--active .edit-post-visual-editor[maxi-blocks-responsive="xs"] .maxi-block.maxi-block--backend.group-maxi-1se8ef1z-u{ border-style: dotted;}body.maxi-blocks--active .edit-post-visual-editor .maxi-block.maxi-block--backend.group-maxi-1se8ef1z-u > .maxi-background-displayer,body.maxi-blocks--active .edit-post-visual-editor[maxi-blocks-responsive] .maxi-block.maxi-block--backend.group-maxi-1se8ef1z-u > .maxi-background-displayer{ border-color: rgba(var(--maxi-light-color-2,242,249,253),1); border-top-width: 2px; border-right-width: 2px; border-bottom-width: 2px; border-left-width: 2px; border-top-style: dotted; border-right-style: dotted; border-bottom-style: dotted; border-left-style: dotted; top: -2px; bottom: -2px; left: -2px; right: -2px;}body.maxi-blocks--active .edit-post-visual-editor[maxi-blocks-responsive="m"] .maxi-block.maxi-block--backend.group-maxi-1se8ef1z-u > .maxi-background-displayer,body.maxi-blocks--active .edit-post-visual-editor[maxi-blocks-responsive="s"] .maxi-block.maxi-block--backend.group-maxi-1se8ef1z-u > .maxi-background-displayer,body.maxi-blocks--active .edit-post-visual-editor[maxi-blocks-responsive="xs"] .maxi-block.maxi-block--backend.group-maxi-1se8ef1z-u > .maxi-background-displayer{ border-color: rgba(var(--maxi-light-color-2,242,249,253),1); border-top-width: 2px; border-right-width: 2px; border-bottom-width: 2px; border-left-width: 2px; border-top-style: dotted; border-right-style: dotted; border-bottom-style: dotted; border-left-style: dotted; top: -2px; bottom: -2px; left: -2px; right: -2px;}body.maxi-blocks--active .edit-post-visual-editor[maxi-blocks-responsive="m"] .maxi-block.maxi-block--backend.group-maxi-1se8ef1z-u > .maxi-background-displayer,body.maxi-blocks--active .edit-post-visual-editor[maxi-blocks-responsive="s"] .maxi-block.maxi-block--backend.group-maxi-1se8ef1z-u > .maxi-background-displayer,body.maxi-blocks--active .edit-post-visual-editor[maxi-blocks-responsive="xs"] .maxi-block.maxi-block--backend.group-maxi-1se8ef1z-u > .maxi-background-displayer{ border-style: dotted; border-top-style: dotted; border-right-style: dotted; border-bottom-style: dotted; border-left-style: dotted;}</style>"`;

exports[`Responsive attributes mechanisms On first change attributes from XXL responsive and some of them have default general attribute value, and then changing from XL, "XL" change 1`] = `"<style>body.maxi-blocks--active .edit-post-visual-editor .maxi-block.maxi-block--backend.group-maxi-1se8ef1z-u,body.maxi-blocks--active .edit-post-visual-editor[maxi-blocks-responsive] .maxi-block.maxi-block--backend.group-maxi-1se8ef1z-u{ margin-top: 10px; margin-right: 10px; margin-bottom: 10px; margin-left: 10px; flex-direction: column;}body.maxi-blocks--active .edit-post-visual-editor[maxi-blocks-responsive="m"] .maxi-block.maxi-block--backend.group-maxi-1se8ef1z-u,body.maxi-blocks--active .edit-post-visual-editor[maxi-blocks-responsive="s"] .maxi-block.maxi-block--backend.group-maxi-1se8ef1z-u,body.maxi-blocks--active .edit-post-visual-editor[maxi-blocks-responsive="xs"] .maxi-block.maxi-block--backend.group-maxi-1se8ef1z-u{ margin-top: 10px; margin-right: 10px; margin-bottom: 10px; margin-left: 10px; flex-direction: column;}body.maxi-blocks--active .edit-post-visual-editor[maxi-blocks-responsive="m"] .maxi-block.maxi-block--backend.group-maxi-1se8ef1z-u,body.maxi-blocks--active .edit-post-visual-editor[maxi-blocks-responsive="s"] .maxi-block.maxi-block--backend.group-maxi-1se8ef1z-u,body.maxi-blocks--active .edit-post-visual-editor[maxi-blocks-responsive="xs"] .maxi-block.maxi-block--backend.group-maxi-1se8ef1z-u{ margin-top: 10px; margin-right: 10px; margin-bottom: 10px; margin-left: 10px;}body.maxi-blocks--active .edit-post-visual-editor[maxi-blocks-responsive="xl"] .maxi-block.maxi-block--backend.group-maxi-1se8ef1z-u,body.maxi-blocks--active .edit-post-visual-editor[maxi-blocks-responsive="l"] .maxi-block.maxi-block--backend.group-maxi-1se8ef1z-u,body.maxi-blocks--active .edit-post-visual-editor[maxi-blocks-responsive="m"] .maxi-block.maxi-block--backend.group-maxi-1se8ef1z-u,body.maxi-blocks--active .edit-post-visual-editor[maxi-blocks-responsive="s"] .maxi-block.maxi-block--backend.group-maxi-1se8ef1z-u,body.maxi-blocks--active .edit-post-visual-editor[maxi-blocks-responsive="xs"] .maxi-block.maxi-block--backend.group-maxi-1se8ef1z-u{ margin-top: 20px; margin-right: 20px; margin-bottom: 20px; margin-left: 20px;}</style>"`;

exports[`Responsive attributes mechanisms On first change attributes from XXL responsive and without a default general attribute value, and then changing from XL, just "general" and XL attributes change 1`] = `"<style>body.maxi-blocks--active .edit-post-visual-editor .maxi-block.maxi-block--backend.group-maxi-1se8ef1z-u,body.maxi-blocks--active .edit-post-visual-editor[maxi-blocks-responsive] .maxi-block.maxi-block--backend.group-maxi-1se8ef1z-u{ margin-top: 10px; margin-right: 10px; margin-bottom: 10px; margin-left: 10px; flex-direction: column;}body.maxi-blocks--active .edit-post-visual-editor[maxi-blocks-responsive="m"] .maxi-block.maxi-block--backend.group-maxi-1se8ef1z-u,body.maxi-blocks--active .edit-post-visual-editor[maxi-blocks-responsive="s"] .maxi-block.maxi-block--backend.group-maxi-1se8ef1z-u,body.maxi-blocks--active .edit-post-visual-editor[maxi-blocks-responsive="xs"] .maxi-block.maxi-block--backend.group-maxi-1se8ef1z-u{ margin-top: 10px; margin-right: 10px; margin-bottom: 10px; margin-left: 10px; flex-direction: column;}body.maxi-blocks--active .edit-post-visual-editor[maxi-blocks-responsive="m"] .maxi-block.maxi-block--backend.group-maxi-1se8ef1z-u,body.maxi-blocks--active .edit-post-visual-editor[maxi-blocks-responsive="s"] .maxi-block.maxi-block--backend.group-maxi-1se8ef1z-u,body.maxi-blocks--active .edit-post-visual-editor[maxi-blocks-responsive="xs"] .maxi-block.maxi-block--backend.group-maxi-1se8ef1z-u{ margin-top: 10px; margin-right: 10px; margin-bottom: 10px; margin-left: 10px;}body.maxi-blocks--active .edit-post-visual-editor[maxi-blocks-responsive="xl"] .maxi-block.maxi-block--backend.group-maxi-1se8ef1z-u,body.maxi-blocks--active .edit-post-visual-editor[maxi-blocks-responsive="l"] .maxi-block.maxi-block--backend.group-maxi-1se8ef1z-u,body.maxi-blocks--active .edit-post-visual-editor[maxi-blocks-responsive="m"] .maxi-block.maxi-block--backend.group-maxi-1se8ef1z-u,body.maxi-blocks--active .edit-post-visual-editor[maxi-blocks-responsive="s"] .maxi-block.maxi-block--backend.group-maxi-1se8ef1z-u,body.maxi-blocks--active .edit-post-visual-editor[maxi-blocks-responsive="xs"] .maxi-block.maxi-block--backend.group-maxi-1se8ef1z-u{ margin-top: 20px; margin-right: 20px; margin-bottom: 20px; margin-left: 20px;}</style>"`;
