// Jest Snapshot v1, https://goo.gl/fbAQLP

exports[`Github actions errors Should pass 1`] = `
"<!-- wp:maxi-blocks/button-maxi {\\"maxi-version-current\\":\\"0.1\\",\\"maxi-version-origin\\":\\"0.1\\",\\"blockStyle\\":\\"light\\",\\"isFirstOnHierarchy\\":true,\\"uniqueID\\":\\"button-maxi-1\\",\\"customLabel\\":\\"Button_1\\",\\"buttonContent\\":\\"Hello\\"} -->
<div class=\\"wp-block-maxi-blocks-button-maxi maxi-block maxi-button-block maxi-light button-maxi-1\\" id=\\"button-maxi-1\\"><button type=\\"button\\" class=\\"maxi-components-button components-button maxi-button-block__button\\"><span class=\\"maxi-button-block__content\\">Hello</span></button></div>
<!-- /wp:maxi-blocks/button-maxi -->"
`;

exports[`Github actions errors Should pass 2`] = `"<style>body.maxi-blocks--active .edit-post-visual-editor .maxi-block.maxi-block--backend.button-maxi-1,body.maxi-blocks--active .edit-post-visual-editor[maxi-blocks-responsive] .maxi-block.maxi-block--backend.button-maxi-1{ justify-content: center;}body.maxi-blocks--active .edit-post-visual-editor .maxi-block.maxi-block--backend.button-maxi-1 .maxi-button-block__button,body.maxi-blocks--active .edit-post-visual-editor[maxi-blocks-responsive] .maxi-block.maxi-block--backend.button-maxi-1 .maxi-button-block__button{ border-top-left-radius: 10px; border-top-right-radius: 10px; border-bottom-right-radius: 10px; border-bottom-left-radius: 10px; text-align: center; background: var(--maxi-light-button-background-color,rgba(var(--maxi-light-color-4,255,74,23),1)); padding-top: 15px; padding-right: 36px; padding-bottom: 15px; padding-left: 36px;}body.maxi-blocks--active .edit-post-visual-editor .maxi-block.maxi-block--backend.button-maxi-1 .maxi-button-block__content,body.maxi-blocks--active .edit-post-visual-editor[maxi-blocks-responsive] .maxi-block.maxi-block--backend.button-maxi-1 .maxi-button-block__content{ color: var(--maxi-light-button-color,rgba(var(--maxi-light-color-1,255,255,255),1)); line-height: 100%;}@media only screen and (min-width: 1921px){body.maxi-blocks--active .edit-post-visual-editor .maxi-block.maxi-block--backend.button-maxi-1 .maxi-button-block__button,body.maxi-blocks--active .edit-post-visual-editor[maxi-blocks-responsive] .maxi-block.maxi-block--backend.button-maxi-1 .maxi-button-block__button{ padding-top: 23px; padding-right: 55px; padding-bottom: 23px; padding-left: 55px;}}</style>"`;
