// Jest Snapshot v1, https://goo.gl/fbAQLP

exports[`Custom-Css-Control Checking the custom-css 1`] = `"<style>body.maxi-blocks--active .edit-post-visual-editor .maxi-block.maxi-block--backend.group-maxi-12.maxi-group-block,body.maxi-blocks--active .edit-post-visual-editor[maxi-blocks-responsive] .maxi-block.maxi-block--backend.group-maxi-12.maxi-group-block{ background: red;}body.maxi-blocks--active .edit-post-visual-editor .maxi-block.maxi-block--backend.group-maxi-12.maxi-group-block::before,body.maxi-blocks--active .edit-post-visual-editor[maxi-blocks-responsive] .maxi-block.maxi-block--backend.group-maxi-12.maxi-group-block::before{ background: red;}body.maxi-blocks--active .edit-post-visual-editor .maxi-block.maxi-block--backend.group-maxi-12.maxi-group-block::after,body.maxi-blocks--active .edit-post-visual-editor[maxi-blocks-responsive] .maxi-block.maxi-block--backend.group-maxi-12.maxi-group-block::after{ background: red;}</style>"`;

exports[`Custom-Css-Control Checking the custom-css Validation 1`] = `"<style>body.maxi-blocks--active .edit-post-visual-editor .maxi-block.maxi-block--backend.group-maxi-12.maxi-group-block,body.maxi-blocks--active .edit-post-visual-editor[maxi-blocks-responsive] .maxi-block.maxi-block--backend.group-maxi-12.maxi-group-block{ background: red;}body.maxi-blocks--active .edit-post-visual-editor .maxi-block.maxi-block--backend.group-maxi-12.maxi-group-block::before,body.maxi-blocks--active .edit-post-visual-editor[maxi-blocks-responsive] .maxi-block.maxi-block--backend.group-maxi-12.maxi-group-block::before{ background: red;}body.maxi-blocks--active .edit-post-visual-editor .maxi-block.maxi-block--backend.group-maxi-12.maxi-group-block::after,body.maxi-blocks--active .edit-post-visual-editor[maxi-blocks-responsive] .maxi-block.maxi-block--backend.group-maxi-12.maxi-group-block::after{ background: red;}body.maxi-blocks--active .edit-post-visual-editor[maxi-blocks-responsive=\\"m\\"] .maxi-block.maxi-block--backend.group-maxi-12.maxi-group-block,body.maxi-blocks--active .edit-post-visual-editor[maxi-blocks-responsive=\\"s\\"] .maxi-block.maxi-block--backend.group-maxi-12.maxi-group-block,body.maxi-blocks--active .edit-post-visual-editor[maxi-blocks-responsive=\\"xs\\"] .maxi-block.maxi-block--backend.group-maxi-12.maxi-group-block{ background: red;}body.maxi-blocks--active .edit-post-visual-editor[maxi-blocks-responsive=\\"s\\"] .maxi-block.maxi-block--backend.group-maxi-12.maxi-group-block,body.maxi-blocks--active .edit-post-visual-editor[maxi-blocks-responsive=\\"xs\\"] .maxi-block.maxi-block--backend.group-maxi-12.maxi-group-block{ background: red;}body.maxi-blocks--active .edit-post-visual-editor[maxi-blocks-responsive=\\"s\\"] .maxi-block.maxi-block--backend.group-maxi-12.maxi-group-block::after,body.maxi-blocks--active .edit-post-visual-editor[maxi-blocks-responsive=\\"xs\\"] .maxi-block.maxi-block--backend.group-maxi-12.maxi-group-block::after{ background: blue;}</style>"`;
