// Jest Snapshot v1, https://goo.gl/fbAQLP

exports[`StyleCards, Link Check Link 1`] = `
Object {
  "link": Object {
    "hover-color": "201,52,10",
    "hover-color-global": true,
    "link-color": "rgba(16,109,60,1)",
    "link-color-global": true,
  },
}
`;
