// Jest Snapshot v1, https://goo.gl/fbAQLP

exports[`SC svg icon Checking svg icon accordion 1`] = `
{
  "icon": {
    "fill-color-global": true,
    "line-color": "",
    "line-color-global": true,
    "line-palette-color": 5,
    "line-palette-opacity": 1,
    "line-palette-status": true,
  },
}
`;
