// Jest Snapshot v1, https://goo.gl/fbAQLP

exports[`Svg fill control Check svg fill Control 1`] = `"<style>body.maxi-blocks--active .edit-post-visual-editor .maxi-block.maxi-block--backend.group-maxi-12 > .maxi-background-displayer .maxi-background-displayer__0 svg *,body.maxi-blocks--active .edit-post-visual-editor[maxi-blocks-responsive] .maxi-block.maxi-block--backend.group-maxi-12 > .maxi-background-displayer .maxi-background-displayer__0 svg *{}@media only screen and (min-width: 1921px){body.maxi-blocks--active .edit-post-visual-editor .maxi-block.maxi-block--backend.group-maxi-12 > .maxi-background-displayer .maxi-background-displayer__0 svg *,body.maxi-blocks--active .edit-post-visual-editor[maxi-blocks-responsive] .maxi-block.maxi-block--backend.group-maxi-12 > .maxi-background-displayer .maxi-background-displayer__0 svg *{}}@media only screen and (max-width: 1920px){body.maxi-blocks--active .edit-post-visual-editor .maxi-block.maxi-block--backend.group-maxi-12 > .maxi-background-displayer .maxi-background-displayer__0 svg *,body.maxi-blocks--active .edit-post-visual-editor[maxi-blocks-responsive] .maxi-block.maxi-block--backend.group-maxi-12 > .maxi-background-displayer .maxi-background-displayer__0 svg *{}}@media only screen and (max-width: 1366px){body.maxi-blocks--active .edit-post-visual-editor .maxi-block.maxi-block--backend.group-maxi-12 > .maxi-background-displayer .maxi-background-displayer__0 svg *,body.maxi-blocks--active .edit-post-visual-editor[maxi-blocks-responsive] .maxi-block.maxi-block--backend.group-maxi-12 > .maxi-background-displayer .maxi-background-displayer__0 svg *{}}@media only screen and (max-width: 1024px){body.maxi-blocks--active .edit-post-visual-editor .maxi-block.maxi-block--backend.group-maxi-12 > .maxi-background-displayer .maxi-background-displayer__0 svg *,body.maxi-blocks--active .edit-post-visual-editor[maxi-blocks-responsive] .maxi-block.maxi-block--backend.group-maxi-12 > .maxi-background-displayer .maxi-background-displayer__0 svg *{}}@media only screen and (max-width: 768px){body.maxi-blocks--active .edit-post-visual-editor .maxi-block.maxi-block--backend.group-maxi-12 > .maxi-background-displayer .maxi-background-displayer__0 svg *,body.maxi-blocks--active .edit-post-visual-editor[maxi-blocks-responsive] .maxi-block.maxi-block--backend.group-maxi-12 > .maxi-background-displayer .maxi-background-displayer__0 svg *{}}@media only screen and (max-width: 480px){body.maxi-blocks--active .edit-post-visual-editor .maxi-block.maxi-block--backend.group-maxi-12 > .maxi-background-displayer .maxi-background-displayer__0 svg *,body.maxi-blocks--active .edit-post-visual-editor[maxi-blocks-responsive] .maxi-block.maxi-block--backend.group-maxi-12 > .maxi-background-displayer .maxi-background-displayer__0 svg *{}}</style>"`;
