// Jest Snapshot v1, https://goo.gl/fbAQLP

exports[`BackgroundControl Check Background video layer 1`] = `
[
  {
    "background-video-clip-path-status-general": false,
    "background-video-endTime": 77,
    "background-video-loop": true,
    "background-video-mediaURL": "https://www.youtube.com/watch?v=ScMzIvxBSi4",
    "background-video-opacity-general": 0.44,
    "background-video-playOnMobile-general": false,
    "background-video-reduce-border": true,
    "background-video-reduce-border-general": false,
    "background-video-startTime": 55,
    "background-video-wrapper-height-general": 100,
    "background-video-wrapper-height-unit-general": "%",
    "background-video-wrapper-position-bottom-general": "3",
    "background-video-wrapper-position-bottom-unit-general": "px",
    "background-video-wrapper-position-left-general": "5",
    "background-video-wrapper-position-left-unit-general": "px",
    "background-video-wrapper-position-right-general": "2",
    "background-video-wrapper-position-right-unit-general": "px",
    "background-video-wrapper-position-sync-general": "none",
    "background-video-wrapper-position-top-general": "1",
    "background-video-wrapper-position-top-unit-general": "%",
    "background-video-wrapper-width-general": 50,
    "background-video-wrapper-width-unit-general": "px",
    "display-general": "block",
    "id": 1,
    "isHover": false,
    "order": 1,
    "type": "video",
  },
]
`;

exports[`BackgroundControl Check Background video layer 2`] = `"<style>body.maxi-blocks--active .edit-post-visual-editor .maxi-block.maxi-block--backend.group-maxi-1,body.maxi-blocks--active .edit-post-visual-editor[maxi-blocks-responsive] .maxi-block.maxi-block--backend.group-maxi-1{ flex-direction: column;}body.maxi-blocks--active .edit-post-visual-editor[maxi-blocks-responsive=\"xl\"] .maxi-block.maxi-block--backend.group-maxi-1,body.maxi-blocks--active .edit-post-visual-editor[maxi-blocks-responsive=\"l\"] .maxi-block.maxi-block--backend.group-maxi-1,body.maxi-blocks--active .edit-post-visual-editor[maxi-blocks-responsive=\"m\"] .maxi-block.maxi-block--backend.group-maxi-1,body.maxi-blocks--active .edit-post-visual-editor[maxi-blocks-responsive=\"s\"] .maxi-block.maxi-block--backend.group-maxi-1,body.maxi-blocks--active .edit-post-visual-editor[maxi-blocks-responsive=\"xs\"] .maxi-block.maxi-block--backend.group-maxi-1{ flex-direction: column;}body.maxi-blocks--active .edit-post-visual-editor .maxi-block.maxi-block--backend.group-maxi-1 > .maxi-background-displayer .maxi-background-displayer__1,body.maxi-blocks--active .edit-post-visual-editor[maxi-blocks-responsive] .maxi-block.maxi-block--backend.group-maxi-1 > .maxi-background-displayer .maxi-background-displayer__1{ opacity: 0.44; width: 50px; height: 100%; top: 1%; right: 2px; bottom: 3px; left: 5px; display: block;}body.maxi-blocks--active .edit-post-visual-editor[maxi-blocks-responsive=\"xl\"] .maxi-block.maxi-block--backend.group-maxi-1 > .maxi-background-displayer .maxi-background-displayer__1,body.maxi-blocks--active .edit-post-visual-editor[maxi-blocks-responsive=\"l\"] .maxi-block.maxi-block--backend.group-maxi-1 > .maxi-background-displayer .maxi-background-displayer__1,body.maxi-blocks--active .edit-post-visual-editor[maxi-blocks-responsive=\"m\"] .maxi-block.maxi-block--backend.group-maxi-1 > .maxi-background-displayer .maxi-background-displayer__1,body.maxi-blocks--active .edit-post-visual-editor[maxi-blocks-responsive=\"s\"] .maxi-block.maxi-block--backend.group-maxi-1 > .maxi-background-displayer .maxi-background-displayer__1,body.maxi-blocks--active .edit-post-visual-editor[maxi-blocks-responsive=\"xs\"] .maxi-block.maxi-block--backend.group-maxi-1 > .maxi-background-displayer .maxi-background-displayer__1{ opacity: 0.44; width: 50px; height: 100%; top: 1%; right: 2px; bottom: 3px; left: 5px; display: block;}</style>"`;

exports[`BackgroundControl Check Background video layer display 1`] = `"<div class=\"maxi-background-displayer__layer maxi-background-displayer__video-player maxi-background-displayer__video-player--no-border maxi-background-displayer__1\" data-type=\"youtube\" data-start=\"55\" data-end=\"77\"><div class=\"maxi-background-displayer__iframe-wrapper\"><iframe title=\"youtube video\" src=\"https://www.youtube.com/embed/ScMzIvxBSi4?controls=0&amp;showinfo=0&amp;rel=0&amp;autoplay=1&amp;mute=1&amp;loop=1&amp;playlist=ScMzIvxBSi4&amp;start=55&amp;end=77\" frameborder=\"0\" allow=\"autoplay\" allowfullscreen=\"\" style=\"height: 344.633px;\"></iframe></div></div>"`;

exports[`BackgroundControl Check Background video layer display 2`] = `"<div class=\"maxi-background-displayer__layer maxi-background-displayer__video-player maxi-background-displayer__video-player--no-border maxi-background-displayer__1\" data-start=\"55\" data-end=\"77\" data-type=\"youtube\"><div class=\"maxi-background-displayer__iframe-wrapper\"><iframe title=\"youtube video\" src=\"https://www.youtube.com/embed/ScMzIvxBSi4?controls=0&amp;showinfo=0&amp;rel=0&amp;autoplay=1&amp;mute=1&amp;loop=1&amp;playlist=ScMzIvxBSi4&amp;start=55&amp;end=77\" frameborder=\"0\" allow=\"autoplay\" allowfullscreen=\"\" style=\"height:100%\"></iframe></div></div>"`;

exports[`BackgroundControl Check Background video layer hover 1`] = `
[
  {
    "background-video-clip-path-status-general": false,
    "background-video-endTime": 77,
    "background-video-loop": true,
    "background-video-mediaURL": "https://www.youtube.com/watch?v=ScMzIvxBSi4",
    "background-video-opacity-general": 0.44,
    "background-video-opacity-general-hover": 0.82,
    "background-video-opacity-s": 0.32,
    "background-video-playOnMobile-general": false,
    "background-video-reduce-border": true,
    "background-video-reduce-border-general": false,
    "background-video-startTime": 55,
    "background-video-wrapper-height-general": 100,
    "background-video-wrapper-height-unit-general": "%",
    "background-video-wrapper-position-bottom-general": "3",
    "background-video-wrapper-position-bottom-general-hover": "7",
    "background-video-wrapper-position-bottom-m": "144",
    "background-video-wrapper-position-bottom-s": "12",
    "background-video-wrapper-position-bottom-unit-general": "px",
    "background-video-wrapper-position-bottom-xs": "21",
    "background-video-wrapper-position-left-general": "5",
    "background-video-wrapper-position-left-general-hover": "13",
    "background-video-wrapper-position-left-m": "233",
    "background-video-wrapper-position-left-s": "7",
    "background-video-wrapper-position-left-unit-general": "px",
    "background-video-wrapper-position-left-xs": "34",
    "background-video-wrapper-position-right-general": "2",
    "background-video-wrapper-position-right-general-hover": "4",
    "background-video-wrapper-position-right-m": "89",
    "background-video-wrapper-position-right-s": "37",
    "background-video-wrapper-position-right-unit-general": "px",
    "background-video-wrapper-position-right-xs": "13",
    "background-video-wrapper-position-sync-general": "none",
    "background-video-wrapper-position-top-general": "1",
    "background-video-wrapper-position-top-general-hover": "2",
    "background-video-wrapper-position-top-m": "55",
    "background-video-wrapper-position-top-s": "67",
    "background-video-wrapper-position-top-unit-general": "%",
    "background-video-wrapper-position-top-unit-general-hover": "px",
    "background-video-wrapper-position-top-unit-m": "em",
    "background-video-wrapper-position-top-unit-s": "px",
    "background-video-wrapper-position-top-unit-xs": "vw",
    "background-video-wrapper-position-top-xs": "8",
    "background-video-wrapper-width-general": 50,
    "background-video-wrapper-width-general-hover": 75,
    "background-video-wrapper-width-m": 35,
    "background-video-wrapper-width-s": 76,
    "background-video-wrapper-width-unit-general": "px",
    "background-video-wrapper-width-unit-general-hover": "%",
    "background-video-wrapper-width-unit-m": "vw",
    "background-video-wrapper-width-unit-xs": "em",
    "background-video-wrapper-width-xs": 25,
    "display-general": "block",
    "id": 1,
    "isHover": false,
    "order": 1,
    "type": "video",
  },
]
`;

exports[`BackgroundControl Check Background video layer hover 2`] = `"<style>body.maxi-blocks--active .edit-post-visual-editor .maxi-block.maxi-block--backend.group-maxi-1,body.maxi-blocks--active .edit-post-visual-editor[maxi-blocks-responsive] .maxi-block.maxi-block--backend.group-maxi-1{ flex-direction: column;}body.maxi-blocks--active .edit-post-visual-editor[maxi-blocks-responsive=\"xl\"] .maxi-block.maxi-block--backend.group-maxi-1,body.maxi-blocks--active .edit-post-visual-editor[maxi-blocks-responsive=\"l\"] .maxi-block.maxi-block--backend.group-maxi-1,body.maxi-blocks--active .edit-post-visual-editor[maxi-blocks-responsive=\"m\"] .maxi-block.maxi-block--backend.group-maxi-1,body.maxi-blocks--active .edit-post-visual-editor[maxi-blocks-responsive=\"s\"] .maxi-block.maxi-block--backend.group-maxi-1,body.maxi-blocks--active .edit-post-visual-editor[maxi-blocks-responsive=\"xs\"] .maxi-block.maxi-block--backend.group-maxi-1{ flex-direction: column;}body.maxi-blocks--active .edit-post-visual-editor .maxi-block.maxi-block--backend.group-maxi-1 > .maxi-background-displayer .maxi-background-displayer__1,body.maxi-blocks--active .edit-post-visual-editor[maxi-blocks-responsive] .maxi-block.maxi-block--backend.group-maxi-1 > .maxi-background-displayer .maxi-background-displayer__1{ opacity: 0.44; width: 50px; height: 100%; top: 1%; right: 2px; bottom: 3px; left: 5px; display: block;}body.maxi-blocks--active .edit-post-visual-editor[maxi-blocks-responsive=\"xl\"] .maxi-block.maxi-block--backend.group-maxi-1 > .maxi-background-displayer .maxi-background-displayer__1,body.maxi-blocks--active .edit-post-visual-editor[maxi-blocks-responsive=\"l\"] .maxi-block.maxi-block--backend.group-maxi-1 > .maxi-background-displayer .maxi-background-displayer__1,body.maxi-blocks--active .edit-post-visual-editor[maxi-blocks-responsive=\"m\"] .maxi-block.maxi-block--backend.group-maxi-1 > .maxi-background-displayer .maxi-background-displayer__1,body.maxi-blocks--active .edit-post-visual-editor[maxi-blocks-responsive=\"s\"] .maxi-block.maxi-block--backend.group-maxi-1 > .maxi-background-displayer .maxi-background-displayer__1,body.maxi-blocks--active .edit-post-visual-editor[maxi-blocks-responsive=\"xs\"] .maxi-block.maxi-block--backend.group-maxi-1 > .maxi-background-displayer .maxi-background-displayer__1{ opacity: 0.44; width: 50px; height: 100%; top: 1%; right: 2px; bottom: 3px; left: 5px; display: block;}body.maxi-blocks--active .edit-post-visual-editor .maxi-block.maxi-block--backend.group-maxi-1:hover > .maxi-background-displayer .maxi-background-displayer__1,body.maxi-blocks--active .edit-post-visual-editor[maxi-blocks-responsive] .maxi-block.maxi-block--backend.group-maxi-1:hover > .maxi-background-displayer .maxi-background-displayer__1{ opacity: 0.82; width: 75%; top: 2px; right: 4px; bottom: 7px; left: 13px;}body.maxi-blocks--active .edit-post-visual-editor[maxi-blocks-responsive=\"xl\"] .maxi-block.maxi-block--backend.group-maxi-1:hover > .maxi-background-displayer .maxi-background-displayer__1,body.maxi-blocks--active .edit-post-visual-editor[maxi-blocks-responsive=\"l\"] .maxi-block.maxi-block--backend.group-maxi-1:hover > .maxi-background-displayer .maxi-background-displayer__1,body.maxi-blocks--active .edit-post-visual-editor[maxi-blocks-responsive=\"m\"] .maxi-block.maxi-block--backend.group-maxi-1:hover > .maxi-background-displayer .maxi-background-displayer__1,body.maxi-blocks--active .edit-post-visual-editor[maxi-blocks-responsive=\"s\"] .maxi-block.maxi-block--backend.group-maxi-1:hover > .maxi-background-displayer .maxi-background-displayer__1,body.maxi-blocks--active .edit-post-visual-editor[maxi-blocks-responsive=\"xs\"] .maxi-block.maxi-block--backend.group-maxi-1:hover > .maxi-background-displayer .maxi-background-displayer__1{ opacity: 0.82; width: 75%; top: 2px; right: 4px; bottom: 7px; left: 13px;}body.maxi-blocks--active .edit-post-visual-editor .maxi-block.maxi-block--backend.group-maxi-1 > .maxi-background-displayer > div,body.maxi-blocks--active .edit-post-visual-editor[maxi-blocks-responsive] .maxi-block.maxi-block--backend.group-maxi-1 > .maxi-background-displayer > div{ transition: all 0.3s 0s ease;}body.maxi-blocks--active .edit-post-visual-editor[maxi-blocks-responsive=\"xl\"] .maxi-block.maxi-block--backend.group-maxi-1 > .maxi-background-displayer > div,body.maxi-blocks--active .edit-post-visual-editor[maxi-blocks-responsive=\"l\"] .maxi-block.maxi-block--backend.group-maxi-1 > .maxi-background-displayer > div,body.maxi-blocks--active .edit-post-visual-editor[maxi-blocks-responsive=\"m\"] .maxi-block.maxi-block--backend.group-maxi-1 > .maxi-background-displayer > div,body.maxi-blocks--active .edit-post-visual-editor[maxi-blocks-responsive=\"s\"] .maxi-block.maxi-block--backend.group-maxi-1 > .maxi-background-displayer > div,body.maxi-blocks--active .edit-post-visual-editor[maxi-blocks-responsive=\"xs\"] .maxi-block.maxi-block--backend.group-maxi-1 > .maxi-background-displayer > div{ transition: all 0.3s 0s ease;}body.maxi-blocks--active .edit-post-visual-editor .maxi-block.maxi-block--backend.group-maxi-1 > .maxi-background-displayer > div > svg,body.maxi-blocks--active .edit-post-visual-editor[maxi-blocks-responsive] .maxi-block.maxi-block--backend.group-maxi-1 > .maxi-background-displayer > div > svg{ transition: all 0.3s 0s ease;}body.maxi-blocks--active .edit-post-visual-editor[maxi-blocks-responsive=\"xl\"] .maxi-block.maxi-block--backend.group-maxi-1 > .maxi-background-displayer > div > svg,body.maxi-blocks--active .edit-post-visual-editor[maxi-blocks-responsive=\"l\"] .maxi-block.maxi-block--backend.group-maxi-1 > .maxi-background-displayer > div > svg,body.maxi-blocks--active .edit-post-visual-editor[maxi-blocks-responsive=\"m\"] .maxi-block.maxi-block--backend.group-maxi-1 > .maxi-background-displayer > div > svg,body.maxi-blocks--active .edit-post-visual-editor[maxi-blocks-responsive=\"s\"] .maxi-block.maxi-block--backend.group-maxi-1 > .maxi-background-displayer > div > svg,body.maxi-blocks--active .edit-post-visual-editor[maxi-blocks-responsive=\"xs\"] .maxi-block.maxi-block--backend.group-maxi-1 > .maxi-background-displayer > div > svg{ transition: all 0.3s 0s ease;}body.maxi-blocks--active .edit-post-visual-editor[maxi-blocks-responsive=\"m\"] .maxi-block.maxi-block--backend.group-maxi-1 > .maxi-background-displayer .maxi-background-displayer__1,body.maxi-blocks--active .edit-post-visual-editor[maxi-blocks-responsive=\"s\"] .maxi-block.maxi-block--backend.group-maxi-1 > .maxi-background-displayer .maxi-background-displayer__1,body.maxi-blocks--active .edit-post-visual-editor[maxi-blocks-responsive=\"xs\"] .maxi-block.maxi-block--backend.group-maxi-1 > .maxi-background-displayer .maxi-background-displayer__1{ width: 35vw; top: 55em; right: 89px; bottom: 144px; left: 233px;}body.maxi-blocks--active .edit-post-visual-editor[maxi-blocks-responsive=\"s\"] .maxi-block.maxi-block--backend.group-maxi-1 > .maxi-background-displayer .maxi-background-displayer__1,body.maxi-blocks--active .edit-post-visual-editor[maxi-blocks-responsive=\"xs\"] .maxi-block.maxi-block--backend.group-maxi-1 > .maxi-background-displayer .maxi-background-displayer__1{ opacity: 0.32; width: 76vw; top: 67px; right: 37px; bottom: 12px; left: 7px;}body.maxi-blocks--active .edit-post-visual-editor[maxi-blocks-responsive=\"xs\"] .maxi-block.maxi-block--backend.group-maxi-1 > .maxi-background-displayer .maxi-background-displayer__1{ width: 25em; top: 8vw; right: 13px; bottom: 21px; left: 34px;}</style>"`;

exports[`BackgroundControl Check Background video layer hover responsive 1`] = `"<style>body.maxi-blocks--active .edit-post-visual-editor .maxi-block.maxi-block--backend.group-maxi-1,body.maxi-blocks--active .edit-post-visual-editor[maxi-blocks-responsive] .maxi-block.maxi-block--backend.group-maxi-1{ flex-direction: column;}body.maxi-blocks--active .edit-post-visual-editor[maxi-blocks-responsive=\"xl\"] .maxi-block.maxi-block--backend.group-maxi-1,body.maxi-blocks--active .edit-post-visual-editor[maxi-blocks-responsive=\"l\"] .maxi-block.maxi-block--backend.group-maxi-1,body.maxi-blocks--active .edit-post-visual-editor[maxi-blocks-responsive=\"m\"] .maxi-block.maxi-block--backend.group-maxi-1,body.maxi-blocks--active .edit-post-visual-editor[maxi-blocks-responsive=\"s\"] .maxi-block.maxi-block--backend.group-maxi-1,body.maxi-blocks--active .edit-post-visual-editor[maxi-blocks-responsive=\"xs\"] .maxi-block.maxi-block--backend.group-maxi-1{ flex-direction: column;}body.maxi-blocks--active .edit-post-visual-editor .maxi-block.maxi-block--backend.group-maxi-1 > .maxi-background-displayer .maxi-background-displayer__1,body.maxi-blocks--active .edit-post-visual-editor[maxi-blocks-responsive] .maxi-block.maxi-block--backend.group-maxi-1 > .maxi-background-displayer .maxi-background-displayer__1{ opacity: 0.44; width: 50px; height: 100%; top: 1%; right: 2px; bottom: 3px; left: 5px; display: block;}body.maxi-blocks--active .edit-post-visual-editor[maxi-blocks-responsive=\"xl\"] .maxi-block.maxi-block--backend.group-maxi-1 > .maxi-background-displayer .maxi-background-displayer__1,body.maxi-blocks--active .edit-post-visual-editor[maxi-blocks-responsive=\"l\"] .maxi-block.maxi-block--backend.group-maxi-1 > .maxi-background-displayer .maxi-background-displayer__1,body.maxi-blocks--active .edit-post-visual-editor[maxi-blocks-responsive=\"m\"] .maxi-block.maxi-block--backend.group-maxi-1 > .maxi-background-displayer .maxi-background-displayer__1,body.maxi-blocks--active .edit-post-visual-editor[maxi-blocks-responsive=\"s\"] .maxi-block.maxi-block--backend.group-maxi-1 > .maxi-background-displayer .maxi-background-displayer__1,body.maxi-blocks--active .edit-post-visual-editor[maxi-blocks-responsive=\"xs\"] .maxi-block.maxi-block--backend.group-maxi-1 > .maxi-background-displayer .maxi-background-displayer__1{ opacity: 0.44; width: 50px; height: 100%; top: 1%; right: 2px; bottom: 3px; left: 5px; display: block;}body.maxi-blocks--active .edit-post-visual-editor .maxi-block.maxi-block--backend.group-maxi-1:hover > .maxi-background-displayer .maxi-background-displayer__1,body.maxi-blocks--active .edit-post-visual-editor[maxi-blocks-responsive] .maxi-block.maxi-block--backend.group-maxi-1:hover > .maxi-background-displayer .maxi-background-displayer__1{ opacity: 0.82; width: 75%; top: 2px; right: 4px; bottom: 7px; left: 13px;}body.maxi-blocks--active .edit-post-visual-editor[maxi-blocks-responsive=\"xl\"] .maxi-block.maxi-block--backend.group-maxi-1:hover > .maxi-background-displayer .maxi-background-displayer__1,body.maxi-blocks--active .edit-post-visual-editor[maxi-blocks-responsive=\"l\"] .maxi-block.maxi-block--backend.group-maxi-1:hover > .maxi-background-displayer .maxi-background-displayer__1,body.maxi-blocks--active .edit-post-visual-editor[maxi-blocks-responsive=\"m\"] .maxi-block.maxi-block--backend.group-maxi-1:hover > .maxi-background-displayer .maxi-background-displayer__1,body.maxi-blocks--active .edit-post-visual-editor[maxi-blocks-responsive=\"s\"] .maxi-block.maxi-block--backend.group-maxi-1:hover > .maxi-background-displayer .maxi-background-displayer__1,body.maxi-blocks--active .edit-post-visual-editor[maxi-blocks-responsive=\"xs\"] .maxi-block.maxi-block--backend.group-maxi-1:hover > .maxi-background-displayer .maxi-background-displayer__1{ opacity: 0.82; width: 75%; top: 2px; right: 4px; bottom: 7px; left: 13px;}body.maxi-blocks--active .edit-post-visual-editor .maxi-block.maxi-block--backend.group-maxi-1 > .maxi-background-displayer > div,body.maxi-blocks--active .edit-post-visual-editor[maxi-blocks-responsive] .maxi-block.maxi-block--backend.group-maxi-1 > .maxi-background-displayer > div{ transition: all 0.3s 0s ease;}body.maxi-blocks--active .edit-post-visual-editor[maxi-blocks-responsive=\"xl\"] .maxi-block.maxi-block--backend.group-maxi-1 > .maxi-background-displayer > div,body.maxi-blocks--active .edit-post-visual-editor[maxi-blocks-responsive=\"l\"] .maxi-block.maxi-block--backend.group-maxi-1 > .maxi-background-displayer > div,body.maxi-blocks--active .edit-post-visual-editor[maxi-blocks-responsive=\"m\"] .maxi-block.maxi-block--backend.group-maxi-1 > .maxi-background-displayer > div,body.maxi-blocks--active .edit-post-visual-editor[maxi-blocks-responsive=\"s\"] .maxi-block.maxi-block--backend.group-maxi-1 > .maxi-background-displayer > div,body.maxi-blocks--active .edit-post-visual-editor[maxi-blocks-responsive=\"xs\"] .maxi-block.maxi-block--backend.group-maxi-1 > .maxi-background-displayer > div{ transition: all 0.3s 0s ease;}body.maxi-blocks--active .edit-post-visual-editor .maxi-block.maxi-block--backend.group-maxi-1 > .maxi-background-displayer > div > svg,body.maxi-blocks--active .edit-post-visual-editor[maxi-blocks-responsive] .maxi-block.maxi-block--backend.group-maxi-1 > .maxi-background-displayer > div > svg{ transition: all 0.3s 0s ease;}body.maxi-blocks--active .edit-post-visual-editor[maxi-blocks-responsive=\"xl\"] .maxi-block.maxi-block--backend.group-maxi-1 > .maxi-background-displayer > div > svg,body.maxi-blocks--active .edit-post-visual-editor[maxi-blocks-responsive=\"l\"] .maxi-block.maxi-block--backend.group-maxi-1 > .maxi-background-displayer > div > svg,body.maxi-blocks--active .edit-post-visual-editor[maxi-blocks-responsive=\"m\"] .maxi-block.maxi-block--backend.group-maxi-1 > .maxi-background-displayer > div > svg,body.maxi-blocks--active .edit-post-visual-editor[maxi-blocks-responsive=\"s\"] .maxi-block.maxi-block--backend.group-maxi-1 > .maxi-background-displayer > div > svg,body.maxi-blocks--active .edit-post-visual-editor[maxi-blocks-responsive=\"xs\"] .maxi-block.maxi-block--backend.group-maxi-1 > .maxi-background-displayer > div > svg{ transition: all 0.3s 0s ease;}body.maxi-blocks--active .edit-post-visual-editor[maxi-blocks-responsive=\"m\"] .maxi-block.maxi-block--backend.group-maxi-1 > .maxi-background-displayer .maxi-background-displayer__1,body.maxi-blocks--active .edit-post-visual-editor[maxi-blocks-responsive=\"s\"] .maxi-block.maxi-block--backend.group-maxi-1 > .maxi-background-displayer .maxi-background-displayer__1,body.maxi-blocks--active .edit-post-visual-editor[maxi-blocks-responsive=\"xs\"] .maxi-block.maxi-block--backend.group-maxi-1 > .maxi-background-displayer .maxi-background-displayer__1{ width: 358.40000000000003px; top: 55em; right: 89px; bottom: 144px; left: 233px;}body.maxi-blocks--active .edit-post-visual-editor[maxi-blocks-responsive=\"m\"] .maxi-block.maxi-block--backend.group-maxi-1:hover > .maxi-background-displayer .maxi-background-displayer__1,body.maxi-blocks--active .edit-post-visual-editor[maxi-blocks-responsive=\"s\"] .maxi-block.maxi-block--backend.group-maxi-1:hover > .maxi-background-displayer .maxi-background-displayer__1,body.maxi-blocks--active .edit-post-visual-editor[maxi-blocks-responsive=\"xs\"] .maxi-block.maxi-block--backend.group-maxi-1:hover > .maxi-background-displayer .maxi-background-displayer__1{ width: 23px; top: 23px; right: 29px; bottom: 31px; left: 37px;}body.maxi-blocks--active .edit-post-visual-editor[maxi-blocks-responsive=\"s\"] .maxi-block.maxi-block--backend.group-maxi-1 > .maxi-background-displayer .maxi-background-displayer__1,body.maxi-blocks--active .edit-post-visual-editor[maxi-blocks-responsive=\"xs\"] .maxi-block.maxi-block--backend.group-maxi-1 > .maxi-background-displayer .maxi-background-displayer__1{ opacity: 0.32; width: 778.24px; top: 67px; right: 37px; bottom: 12px; left: 7px;}body.maxi-blocks--active .edit-post-visual-editor[maxi-blocks-responsive=\"s\"] .maxi-block.maxi-block--backend.group-maxi-1:hover > .maxi-background-displayer .maxi-background-displayer__1,body.maxi-blocks--active .edit-post-visual-editor[maxi-blocks-responsive=\"xs\"] .maxi-block.maxi-block--backend.group-maxi-1:hover > .maxi-background-displayer .maxi-background-displayer__1{ opacity: 0.45; top: 24px; right: 44px; bottom: 81px; left: 149px;}body.maxi-blocks--active .edit-post-visual-editor[maxi-blocks-responsive=\"xs\"] .maxi-block.maxi-block--backend.group-maxi-1 > .maxi-background-displayer .maxi-background-displayer__1{ width: 25em; top: 81.92px; right: 13px; bottom: 21px; left: 34px;}body.maxi-blocks--active .edit-post-visual-editor[maxi-blocks-responsive=\"xs\"] .maxi-block.maxi-block--backend.group-maxi-1:hover > .maxi-background-displayer .maxi-background-displayer__1{ top: 11px; right: 13px; bottom: 17px; left: 19px;}</style>"`;

exports[`BackgroundControl Check Background video layer responsive 1`] = `"<style>body.maxi-blocks--active .edit-post-visual-editor .maxi-block.maxi-block--backend.group-maxi-1,body.maxi-blocks--active .edit-post-visual-editor[maxi-blocks-responsive] .maxi-block.maxi-block--backend.group-maxi-1{ flex-direction: column;}body.maxi-blocks--active .edit-post-visual-editor[maxi-blocks-responsive=\"xl\"] .maxi-block.maxi-block--backend.group-maxi-1,body.maxi-blocks--active .edit-post-visual-editor[maxi-blocks-responsive=\"l\"] .maxi-block.maxi-block--backend.group-maxi-1,body.maxi-blocks--active .edit-post-visual-editor[maxi-blocks-responsive=\"m\"] .maxi-block.maxi-block--backend.group-maxi-1,body.maxi-blocks--active .edit-post-visual-editor[maxi-blocks-responsive=\"s\"] .maxi-block.maxi-block--backend.group-maxi-1,body.maxi-blocks--active .edit-post-visual-editor[maxi-blocks-responsive=\"xs\"] .maxi-block.maxi-block--backend.group-maxi-1{ flex-direction: column;}body.maxi-blocks--active .edit-post-visual-editor .maxi-block.maxi-block--backend.group-maxi-1 > .maxi-background-displayer .maxi-background-displayer__1,body.maxi-blocks--active .edit-post-visual-editor[maxi-blocks-responsive] .maxi-block.maxi-block--backend.group-maxi-1 > .maxi-background-displayer .maxi-background-displayer__1{ opacity: 0.44; width: 50px; height: 100%; top: 1%; right: 2px; bottom: 3px; left: 5px; display: block;}body.maxi-blocks--active .edit-post-visual-editor[maxi-blocks-responsive=\"xl\"] .maxi-block.maxi-block--backend.group-maxi-1 > .maxi-background-displayer .maxi-background-displayer__1,body.maxi-blocks--active .edit-post-visual-editor[maxi-blocks-responsive=\"l\"] .maxi-block.maxi-block--backend.group-maxi-1 > .maxi-background-displayer .maxi-background-displayer__1,body.maxi-blocks--active .edit-post-visual-editor[maxi-blocks-responsive=\"m\"] .maxi-block.maxi-block--backend.group-maxi-1 > .maxi-background-displayer .maxi-background-displayer__1,body.maxi-blocks--active .edit-post-visual-editor[maxi-blocks-responsive=\"s\"] .maxi-block.maxi-block--backend.group-maxi-1 > .maxi-background-displayer .maxi-background-displayer__1,body.maxi-blocks--active .edit-post-visual-editor[maxi-blocks-responsive=\"xs\"] .maxi-block.maxi-block--backend.group-maxi-1 > .maxi-background-displayer .maxi-background-displayer__1{ opacity: 0.44; width: 50px; height: 100%; top: 1%; right: 2px; bottom: 3px; left: 5px; display: block;}body.maxi-blocks--active .edit-post-visual-editor[maxi-blocks-responsive=\"m\"] .maxi-block.maxi-block--backend.group-maxi-1 > .maxi-background-displayer .maxi-background-displayer__1,body.maxi-blocks--active .edit-post-visual-editor[maxi-blocks-responsive=\"s\"] .maxi-block.maxi-block--backend.group-maxi-1 > .maxi-background-displayer .maxi-background-displayer__1,body.maxi-blocks--active .edit-post-visual-editor[maxi-blocks-responsive=\"xs\"] .maxi-block.maxi-block--backend.group-maxi-1 > .maxi-background-displayer .maxi-background-displayer__1{ width: 358.40000000000003px; top: 55em; right: 89px; bottom: 144px; left: 233px;}body.maxi-blocks--active .edit-post-visual-editor[maxi-blocks-responsive=\"s\"] .maxi-block.maxi-block--backend.group-maxi-1 > .maxi-background-displayer .maxi-background-displayer__1,body.maxi-blocks--active .edit-post-visual-editor[maxi-blocks-responsive=\"xs\"] .maxi-block.maxi-block--backend.group-maxi-1 > .maxi-background-displayer .maxi-background-displayer__1{ opacity: 0.32; width: 778.24px; top: 67px; right: 37px; bottom: 12px; left: 7px;}body.maxi-blocks--active .edit-post-visual-editor[maxi-blocks-responsive=\"xs\"] .maxi-block.maxi-block--backend.group-maxi-1 > .maxi-background-displayer .maxi-background-displayer__1{ width: 25em; top: 81.92px; right: 13px; bottom: 21px; left: 34px;}</style>"`;

exports[`BackgroundControl Check Background video layer responsive 2`] = `
[
  {
    "background-video-clip-path-status-general": false,
    "background-video-endTime": 77,
    "background-video-loop": true,
    "background-video-mediaURL": "https://www.youtube.com/watch?v=ScMzIvxBSi4",
    "background-video-opacity-general": 0.44,
    "background-video-opacity-s": 0.32,
    "background-video-playOnMobile-general": false,
    "background-video-reduce-border": true,
    "background-video-reduce-border-general": false,
    "background-video-startTime": 55,
    "background-video-wrapper-height-general": 100,
    "background-video-wrapper-height-unit-general": "%",
    "background-video-wrapper-position-bottom-general": "3",
    "background-video-wrapper-position-bottom-m": "144",
    "background-video-wrapper-position-bottom-s": "12",
    "background-video-wrapper-position-bottom-unit-general": "px",
    "background-video-wrapper-position-bottom-xs": "21",
    "background-video-wrapper-position-left-general": "5",
    "background-video-wrapper-position-left-m": "233",
    "background-video-wrapper-position-left-s": "7",
    "background-video-wrapper-position-left-unit-general": "px",
    "background-video-wrapper-position-left-xs": "34",
    "background-video-wrapper-position-right-general": "2",
    "background-video-wrapper-position-right-m": "89",
    "background-video-wrapper-position-right-s": "37",
    "background-video-wrapper-position-right-unit-general": "px",
    "background-video-wrapper-position-right-xs": "13",
    "background-video-wrapper-position-sync-general": "none",
    "background-video-wrapper-position-top-general": "1",
    "background-video-wrapper-position-top-m": "55",
    "background-video-wrapper-position-top-s": "67",
    "background-video-wrapper-position-top-unit-general": "%",
    "background-video-wrapper-position-top-unit-m": "em",
    "background-video-wrapper-position-top-unit-s": "px",
    "background-video-wrapper-position-top-unit-xs": "vw",
    "background-video-wrapper-position-top-xs": "8",
    "background-video-wrapper-width-general": 50,
    "background-video-wrapper-width-m": 35,
    "background-video-wrapper-width-s": 76,
    "background-video-wrapper-width-unit-general": "px",
    "background-video-wrapper-width-unit-m": "vw",
    "background-video-wrapper-width-unit-xs": "em",
    "background-video-wrapper-width-xs": 25,
    "display-general": "block",
    "id": 1,
    "isHover": false,
    "order": 1,
    "type": "video",
  },
]
`;
