// Jest Snapshot v1, https://goo.gl/fbAQLP

exports[`ShapeColor Checking the shape color 1`] = `"<svg data-stroke class=\\"anchor-maxi-svg\\" viewBox=\\"0 0 36.099 36.099\\"><path d=\\"M32.194 16.278c-.111-.034-.223.013-.281.108l-4.399 7.048c-.048.077-.051.175-.007.254a.25.25 0 0 0 .219.129h1.483c-.078.693-.468 1.817-1.409 1.94-.907.167-5.463.902-7.331-.79-.804-.689-.973-1.632-.973-2.306v-4.169c.051-.978.355-1.696.986-2.328.655-.654 1.451-.986 2.367-.986h1.803a.25.25 0 0 0 .25-.25v-2.65a.25.25 0 0 0-.25-.25h-5.104v-2.22c2.214-.788 2.941-2.938 2.672-4.643-.283-1.788-1.687-3.579-4.19-3.579h-.06c-2.563.029-3.968 1.873-4.224 3.686-.245 1.735.503 3.784 2.706 4.537v2.218h-5.05a.25.25 0 0 0-.25.25v2.65a.25.25 0 0 0 .25.25h1.802c.881 0 1.66.332 2.314.986.641.641.832 1.371.935 2.34.102.978 0 4.121-.001 4.161 0 .878-.34 1.721-.934 2.314-1.153 1.152-7.021 1.182-8.03.31-.391-.352-.605-.818-.65-1.42h1.49a.25.25 0 0 0 .212-.383l-4.452-7.102a.25.25 0 0 0-.462.133v7.049c0 1.511.525 2.798 1.601 3.93 1.507 1.675 3.652 1.65 5.722 1.62 2.047-.02 3.972-.051 5.311 1.464.972.971 1.464 2.142 1.464 3.48a.25.25 0 0 0 .245.25c.139 0 .25-.106.255-.24a5.07 5.07 0 0 1 1.528-3.503c1.341-1.542 3.295-1.517 5.351-1.49 2.06.033 4.176.055 5.662-1.571 1.084-1.084 1.61-2.372 1.61-3.939v-7.049a.25.25 0 0 0-.181-.24zM19.214 5.93c0 .332-.114.655-.314.884-.223.256-.544.392-.927.392-.825 0-1.201-.662-1.201-1.276 0-.62.371-1.245 1.201-1.245.858 0 1.241.625 1.241 1.245z\\" data-fill fill=\\"#081219\\"/></svg>"`;
