// Jest Snapshot v1, https://goo.gl/fbAQLP

exports[`List in Text-maxi Check text position, style, Unorganized Custom 1`] = `"<style>body.maxi-blocks--active .edit-post-visual-editor .maxi-block.maxi-block--backend.text-maxi-2 .maxi-text-block--link, .maxi-text-block--link span,body.maxi-blocks--active .edit-post-visual-editor[maxi-blocks-responsive] .maxi-block.maxi-block--backend.text-maxi-2 .maxi-text-block--link, .maxi-text-block--link span{ transition: all 0.3s ease;}body.maxi-blocks--active .edit-post-visual-editor .maxi-block.maxi-block--backend.text-maxi-2 ul.maxi-text-block__content,body.maxi-blocks--active .edit-post-visual-editor[maxi-blocks-responsive] .maxi-block.maxi-block--backend.text-maxi-2 ul.maxi-text-block__content{ counter-reset: li 3; padding-left: 21em; text-indent: 31px;}body.maxi-blocks--active .edit-post-visual-editor .maxi-block.maxi-block--backend.text-maxi-2 ul.maxi-text-block__content li,body.maxi-blocks--active .edit-post-visual-editor[maxi-blocks-responsive] .maxi-block.maxi-block--backend.text-maxi-2 ul.maxi-text-block__content li{ color: var(--maxi-light-p-color,rgba(var(--maxi-light-color-3,155,155,155),1));}body.maxi-blocks--active .edit-post-visual-editor .maxi-block.maxi-block--backend.text-maxi-2 ul.maxi-text-block__content li:not(:first-child),body.maxi-blocks--active .edit-post-visual-editor[maxi-blocks-responsive] .maxi-block.maxi-block--backend.text-maxi-2 ul.maxi-text-block__content li:not(:first-child){ margin-top: 44em;}body.maxi-blocks--active .edit-post-visual-editor .maxi-block.maxi-block--backend.text-maxi-2 ul.maxi-text-block__content li::before,body.maxi-blocks--active .edit-post-visual-editor[maxi-blocks-responsive] .maxi-block.maxi-block--backend.text-maxi-2 ul.maxi-text-block__content li::before{ color: rgba(var(--maxi-light-color-4,255,74,23),1); content: counter(li, circle); font-size: 11em; line-height: 46em; margin-right: 0.5em; margin-left: 31px; vertical-align: sub;}body.maxi-blocks--active .edit-post-visual-editor .maxi-block.maxi-block--backend.text-maxi-2 a ul.maxi-text-block__content,body.maxi-blocks--active .edit-post-visual-editor[maxi-blocks-responsive] .maxi-block.maxi-block--backend.text-maxi-2 a ul.maxi-text-block__content{ color: var(--maxi-light-link,rgba(var(--maxi-light-color-4,255,74,23),1));}body.maxi-blocks--active .edit-post-visual-editor .maxi-block.maxi-block--backend.text-maxi-2 a ul.maxi-text-block__content:hover,body.maxi-blocks--active .edit-post-visual-editor[maxi-blocks-responsive] .maxi-block.maxi-block--backend.text-maxi-2 a ul.maxi-text-block__content:hover{ color: var(--maxi-light-link-hover,rgba(var(--maxi-light-color-6,201,52,10),1));}body.maxi-blocks--active .edit-post-visual-editor .maxi-block.maxi-block--backend.text-maxi-2 a ul.maxi-text-block__content:hover span,body.maxi-blocks--active .edit-post-visual-editor[maxi-blocks-responsive] .maxi-block.maxi-block--backend.text-maxi-2 a ul.maxi-text-block__content:hover span{ color: var(--maxi-light-link-hover,rgba(var(--maxi-light-color-6,201,52,10),1));}body.maxi-blocks--active .edit-post-visual-editor .maxi-block.maxi-block--backend.text-maxi-2 a ul.maxi-text-block__content:active,body.maxi-blocks--active .edit-post-visual-editor[maxi-blocks-responsive] .maxi-block.maxi-block--backend.text-maxi-2 a ul.maxi-text-block__content:active{ color: var(--maxi-light-link-active,rgba(var(--maxi-light-color-6,201,52,10),1));}body.maxi-blocks--active .edit-post-visual-editor .maxi-block.maxi-block--backend.text-maxi-2 a ul.maxi-text-block__content:active span,body.maxi-blocks--active .edit-post-visual-editor[maxi-blocks-responsive] .maxi-block.maxi-block--backend.text-maxi-2 a ul.maxi-text-block__content:active span{ color: var(--maxi-light-link-active,rgba(var(--maxi-light-color-6,201,52,10),1));}body.maxi-blocks--active .edit-post-visual-editor .maxi-block.maxi-block--backend.text-maxi-2 a ul.maxi-text-block__content:visited,body.maxi-blocks--active .edit-post-visual-editor[maxi-blocks-responsive] .maxi-block.maxi-block--backend.text-maxi-2 a ul.maxi-text-block__content:visited{ color: var(--maxi-light-link-visited,rgba(var(--maxi-light-color-6,201,52,10),1));}body.maxi-blocks--active .edit-post-visual-editor .maxi-block.maxi-block--backend.text-maxi-2 a ul.maxi-text-block__content:visited span,body.maxi-blocks--active .edit-post-visual-editor[maxi-blocks-responsive] .maxi-block.maxi-block--backend.text-maxi-2 a ul.maxi-text-block__content:visited span{ color: var(--maxi-light-link-visited,rgba(var(--maxi-light-color-6,201,52,10),1));}body.maxi-blocks--active .edit-post-visual-editor .maxi-block.maxi-block--backend.text-maxi-2 ul.maxi-text-block__content a,body.maxi-blocks--active .edit-post-visual-editor[maxi-blocks-responsive] .maxi-block.maxi-block--backend.text-maxi-2 ul.maxi-text-block__content a{ color: var(--maxi-light-link,rgba(var(--maxi-light-color-4,255,74,23),1));}body.maxi-blocks--active .edit-post-visual-editor .maxi-block.maxi-block--backend.text-maxi-2 ul.maxi-text-block__content a:hover,body.maxi-blocks--active .edit-post-visual-editor[maxi-blocks-responsive] .maxi-block.maxi-block--backend.text-maxi-2 ul.maxi-text-block__content a:hover{ color: var(--maxi-light-link-hover,rgba(var(--maxi-light-color-6,201,52,10),1));}body.maxi-blocks--active .edit-post-visual-editor .maxi-block.maxi-block--backend.text-maxi-2 ul.maxi-text-block__content a:hover span,body.maxi-blocks--active .edit-post-visual-editor[maxi-blocks-responsive] .maxi-block.maxi-block--backend.text-maxi-2 ul.maxi-text-block__content a:hover span{ color: var(--maxi-light-link-hover,rgba(var(--maxi-light-color-6,201,52,10),1));}body.maxi-blocks--active .edit-post-visual-editor .maxi-block.maxi-block--backend.text-maxi-2 ul.maxi-text-block__content a:active,body.maxi-blocks--active .edit-post-visual-editor[maxi-blocks-responsive] .maxi-block.maxi-block--backend.text-maxi-2 ul.maxi-text-block__content a:active{ color: var(--maxi-light-link-active,rgba(var(--maxi-light-color-6,201,52,10),1));}body.maxi-blocks--active .edit-post-visual-editor .maxi-block.maxi-block--backend.text-maxi-2 ul.maxi-text-block__content a:active span,body.maxi-blocks--active .edit-post-visual-editor[maxi-blocks-responsive] .maxi-block.maxi-block--backend.text-maxi-2 ul.maxi-text-block__content a:active span{ color: var(--maxi-light-link-active,rgba(var(--maxi-light-color-6,201,52,10),1));}body.maxi-blocks--active .edit-post-visual-editor .maxi-block.maxi-block--backend.text-maxi-2 ul.maxi-text-block__content a:visited,body.maxi-blocks--active .edit-post-visual-editor[maxi-blocks-responsive] .maxi-block.maxi-block--backend.text-maxi-2 ul.maxi-text-block__content a:visited{ color: var(--maxi-light-link-visited,rgba(var(--maxi-light-color-6,201,52,10),1));}body.maxi-blocks--active .edit-post-visual-editor .maxi-block.maxi-block--backend.text-maxi-2 ul.maxi-text-block__content a:visited span,body.maxi-blocks--active .edit-post-visual-editor[maxi-blocks-responsive] .maxi-block.maxi-block--backend.text-maxi-2 ul.maxi-text-block__content a:visited span{ color: var(--maxi-light-link-visited,rgba(var(--maxi-light-color-6,201,52,10),1));}</style>"`;

exports[`List in Text-maxi Check text position, style, Unorganized Custom 2`] = `"<style>body.maxi-blocks--active .edit-post-visual-editor .maxi-block.maxi-block--backend.text-maxi-2 .maxi-text-block--link, .maxi-text-block--link span,body.maxi-blocks--active .edit-post-visual-editor[maxi-blocks-responsive] .maxi-block.maxi-block--backend.text-maxi-2 .maxi-text-block--link, .maxi-text-block--link span{ transition: all 0.3s ease;}body.maxi-blocks--active .edit-post-visual-editor .maxi-block.maxi-block--backend.text-maxi-2 ul.maxi-text-block__content,body.maxi-blocks--active .edit-post-visual-editor[maxi-blocks-responsive] .maxi-block.maxi-block--backend.text-maxi-2 ul.maxi-text-block__content{ counter-reset: li 3; padding-left: 21em; text-indent: 31px;}body.maxi-blocks--active .edit-post-visual-editor .maxi-block.maxi-block--backend.text-maxi-2 ul.maxi-text-block__content li,body.maxi-blocks--active .edit-post-visual-editor[maxi-blocks-responsive] .maxi-block.maxi-block--backend.text-maxi-2 ul.maxi-text-block__content li{ color: var(--maxi-light-p-color,rgba(var(--maxi-light-color-3,155,155,155),1));}body.maxi-blocks--active .edit-post-visual-editor .maxi-block.maxi-block--backend.text-maxi-2 ul.maxi-text-block__content li:not(:first-child),body.maxi-blocks--active .edit-post-visual-editor[maxi-blocks-responsive] .maxi-block.maxi-block--backend.text-maxi-2 ul.maxi-text-block__content li:not(:first-child){ margin-top: 44em;}body.maxi-blocks--active .edit-post-visual-editor .maxi-block.maxi-block--backend.text-maxi-2 ul.maxi-text-block__content li::before,body.maxi-blocks--active .edit-post-visual-editor[maxi-blocks-responsive] .maxi-block.maxi-block--backend.text-maxi-2 ul.maxi-text-block__content li::before{ color: rgba(var(--maxi-light-color-7,8,18,25),1); content: url(\\"data:image/svg+xml,%3Csvg xmlns='http://www.w3.org/2000/svg' class='mini-van-3-maxi-svg__476' width='64px' height='64px' viewBox='0 0 64 64'%3E%3Cg data-stroke='' stroke='var(--maxi-light-icon-line, var(--maxi-light-color-7))'%3E%3Cpath d='M60.773 19.796c0-4.381-3.505-7.886-7.886-7.886H16.086c-7.26.125-13.018 4.905-13.018 12.165v5.633h57.831l-.125-9.912zm-43.436 6.857H6.227v-.9c0-6.384 4.727-10.663 11.111-10.663v11.563zm22.148 0H20.522V14.965h18.964v11.688zm18.784 0H42.842V14.965h10.296c2.879 0 5.132 2.378 5.132 5.257v6.431z' fill='rgba(var(--maxi-light-color-7,8,18,25),1)'%3E%3C/path%3E%3Cpath d='M15.085 38.071c2.795 0 5.2 1.64 6.326 4.006h21.02c1.126-2.366 3.532-4.006 6.326-4.006s5.2 1.64 6.326 4.006h5.816V29.708h0H3.068v5.109h1.627c1.252 0 2.253 1.001 2.253 2.253v.25c-.125 1.127-1.127 2.128-2.378 2.128H3.068v2.629h5.691c1.126-2.366 3.531-4.006 6.326-4.006z' data-fill='' fill='rgba(var(--maxi-light-color-7,8,18,25),1)'%3E%3C/path%3E%3Cg fill='rgba(var(--maxi-light-color-7,8,18,25),1)'%3E%3Cpath d='M53.138 14.965H42.842v11.688H58.27v-6.431c0-2.879-2.253-5.257-5.132-5.257zm-32.616 0h18.964v11.688H20.522zM6.948 37.32v-.25c0-1.252-1.001-2.253-2.253-2.253H3.068c-1.29 1.544-1.29 3.088 0 4.632H4.57c1.252 0 2.253-1.001 2.378-2.128zM61.9 43.203c0-.626-.501-1.126-1.001-1.126h-5.816a6.97 6.97 0 0 1 .684 3.004h5.007.125v-.025c.563-.064 1.001-.52 1.001-1.102v-.751h0zm-40.489-1.126a6.97 6.97 0 0 1 .684 3.004h19.652a6.97 6.97 0 0 1 .684-3.004h-21.02z'%3E%3C/path%3E%3Cuse%3E%3C/use%3E%3Cuse%3E%3C/use%3E%3Cpath d='M3.352 42.077h-.125A1.12 1.12 0 0 0 2.1 43.203v.751a1.12 1.12 0 0 0 1.127 1.127h.125 4.723a6.97 6.97 0 0 1 .684-3.004H3.352z'%3E%3C/path%3E%3Cuse x='-33.672'%3E%3C/use%3E%3Cuse x='-33.672'%3E%3C/use%3E%3Cpath d='M20.522 34.115h4.79'%3E%3C/path%3E%3C/g%3E%3C/g%3E%3Cdefs%3E%3Cpath id='mini-van-3_B' d='M55.083 42.077c-1.126-2.366-3.532-4.006-6.326-4.006s-5.2 1.64-6.326 4.006a6.97 6.97 0 0 0-.684 3.004 7.01 7.01 0 0 0 14.02 0 6.97 6.97 0 0 0-.684-3.004zm-6.326 6.008c-1.659 0-3.004-1.345-3.004-3.004s1.345-3.004 3.004-3.004 3.004 1.345 3.004 3.004-1.345 3.004-3.004 3.004z'%3E%3C/path%3E%3Cpath id='mini-van-3_C' d='M48.757 42.077c-1.659 0-3.004 1.345-3.004 3.004s1.345 3.004 3.004 3.004 3.004-1.345 3.004-3.004-1.345-3.004-3.004-3.004z'%3E%3C/path%3E%3C/defs%3E%3C/svg%3E\\"); width: 11em; line-height: 46em; margin-right: 0.5em; margin-left: 31px; vertical-align: sub;}body.maxi-blocks--active .edit-post-visual-editor .maxi-block.maxi-block--backend.text-maxi-2 a ul.maxi-text-block__content,body.maxi-blocks--active .edit-post-visual-editor[maxi-blocks-responsive] .maxi-block.maxi-block--backend.text-maxi-2 a ul.maxi-text-block__content{ color: var(--maxi-light-link,rgba(var(--maxi-light-color-4,255,74,23),1));}body.maxi-blocks--active .edit-post-visual-editor .maxi-block.maxi-block--backend.text-maxi-2 a ul.maxi-text-block__content:hover,body.maxi-blocks--active .edit-post-visual-editor[maxi-blocks-responsive] .maxi-block.maxi-block--backend.text-maxi-2 a ul.maxi-text-block__content:hover{ color: var(--maxi-light-link-hover,rgba(var(--maxi-light-color-6,201,52,10),1));}body.maxi-blocks--active .edit-post-visual-editor .maxi-block.maxi-block--backend.text-maxi-2 a ul.maxi-text-block__content:hover span,body.maxi-blocks--active .edit-post-visual-editor[maxi-blocks-responsive] .maxi-block.maxi-block--backend.text-maxi-2 a ul.maxi-text-block__content:hover span{ color: var(--maxi-light-link-hover,rgba(var(--maxi-light-color-6,201,52,10),1));}body.maxi-blocks--active .edit-post-visual-editor .maxi-block.maxi-block--backend.text-maxi-2 a ul.maxi-text-block__content:active,body.maxi-blocks--active .edit-post-visual-editor[maxi-blocks-responsive] .maxi-block.maxi-block--backend.text-maxi-2 a ul.maxi-text-block__content:active{ color: var(--maxi-light-link-active,rgba(var(--maxi-light-color-6,201,52,10),1));}body.maxi-blocks--active .edit-post-visual-editor .maxi-block.maxi-block--backend.text-maxi-2 a ul.maxi-text-block__content:active span,body.maxi-blocks--active .edit-post-visual-editor[maxi-blocks-responsive] .maxi-block.maxi-block--backend.text-maxi-2 a ul.maxi-text-block__content:active span{ color: var(--maxi-light-link-active,rgba(var(--maxi-light-color-6,201,52,10),1));}body.maxi-blocks--active .edit-post-visual-editor .maxi-block.maxi-block--backend.text-maxi-2 a ul.maxi-text-block__content:visited,body.maxi-blocks--active .edit-post-visual-editor[maxi-blocks-responsive] .maxi-block.maxi-block--backend.text-maxi-2 a ul.maxi-text-block__content:visited{ color: var(--maxi-light-link-visited,rgba(var(--maxi-light-color-6,201,52,10),1));}body.maxi-blocks--active .edit-post-visual-editor .maxi-block.maxi-block--backend.text-maxi-2 a ul.maxi-text-block__content:visited span,body.maxi-blocks--active .edit-post-visual-editor[maxi-blocks-responsive] .maxi-block.maxi-block--backend.text-maxi-2 a ul.maxi-text-block__content:visited span{ color: var(--maxi-light-link-visited,rgba(var(--maxi-light-color-6,201,52,10),1));}body.maxi-blocks--active .edit-post-visual-editor .maxi-block.maxi-block--backend.text-maxi-2 ul.maxi-text-block__content a,body.maxi-blocks--active .edit-post-visual-editor[maxi-blocks-responsive] .maxi-block.maxi-block--backend.text-maxi-2 ul.maxi-text-block__content a{ color: var(--maxi-light-link,rgba(var(--maxi-light-color-4,255,74,23),1));}body.maxi-blocks--active .edit-post-visual-editor .maxi-block.maxi-block--backend.text-maxi-2 ul.maxi-text-block__content a:hover,body.maxi-blocks--active .edit-post-visual-editor[maxi-blocks-responsive] .maxi-block.maxi-block--backend.text-maxi-2 ul.maxi-text-block__content a:hover{ color: var(--maxi-light-link-hover,rgba(var(--maxi-light-color-6,201,52,10),1));}body.maxi-blocks--active .edit-post-visual-editor .maxi-block.maxi-block--backend.text-maxi-2 ul.maxi-text-block__content a:hover span,body.maxi-blocks--active .edit-post-visual-editor[maxi-blocks-responsive] .maxi-block.maxi-block--backend.text-maxi-2 ul.maxi-text-block__content a:hover span{ color: var(--maxi-light-link-hover,rgba(var(--maxi-light-color-6,201,52,10),1));}body.maxi-blocks--active .edit-post-visual-editor .maxi-block.maxi-block--backend.text-maxi-2 ul.maxi-text-block__content a:active,body.maxi-blocks--active .edit-post-visual-editor[maxi-blocks-responsive] .maxi-block.maxi-block--backend.text-maxi-2 ul.maxi-text-block__content a:active{ color: var(--maxi-light-link-active,rgba(var(--maxi-light-color-6,201,52,10),1));}body.maxi-blocks--active .edit-post-visual-editor .maxi-block.maxi-block--backend.text-maxi-2 ul.maxi-text-block__content a:active span,body.maxi-blocks--active .edit-post-visual-editor[maxi-blocks-responsive] .maxi-block.maxi-block--backend.text-maxi-2 ul.maxi-text-block__content a:active span{ color: var(--maxi-light-link-active,rgba(var(--maxi-light-color-6,201,52,10),1));}body.maxi-blocks--active .edit-post-visual-editor .maxi-block.maxi-block--backend.text-maxi-2 ul.maxi-text-block__content a:visited,body.maxi-blocks--active .edit-post-visual-editor[maxi-blocks-responsive] .maxi-block.maxi-block--backend.text-maxi-2 ul.maxi-text-block__content a:visited{ color: var(--maxi-light-link-visited,rgba(var(--maxi-light-color-6,201,52,10),1));}body.maxi-blocks--active .edit-post-visual-editor .maxi-block.maxi-block--backend.text-maxi-2 ul.maxi-text-block__content a:visited span,body.maxi-blocks--active .edit-post-visual-editor[maxi-blocks-responsive] .maxi-block.maxi-block--backend.text-maxi-2 ul.maxi-text-block__content a:visited span{ color: var(--maxi-light-link-visited,rgba(var(--maxi-light-color-6,201,52,10),1));}</style>"`;

exports[`List in Text-maxi Check text position, style, start from in organized 1`] = `"<style>body.maxi-blocks--active .edit-post-visual-editor .maxi-block.maxi-block--backend.text-maxi-2 .maxi-text-block--link, .maxi-text-block--link span,body.maxi-blocks--active .edit-post-visual-editor[maxi-blocks-responsive] .maxi-block.maxi-block--backend.text-maxi-2 .maxi-text-block--link, .maxi-text-block--link span{ transition: all 0.3s ease;}body.maxi-blocks--active .edit-post-visual-editor .maxi-block.maxi-block--backend.text-maxi-2 ol.maxi-text-block__content,body.maxi-blocks--active .edit-post-visual-editor[maxi-blocks-responsive] .maxi-block.maxi-block--backend.text-maxi-2 ol.maxi-text-block__content{ counter-reset: li NaN; padding-left: 21em; text-indent: 31px;}body.maxi-blocks--active .edit-post-visual-editor .maxi-block.maxi-block--backend.text-maxi-2 ol.maxi-text-block__content li,body.maxi-blocks--active .edit-post-visual-editor[maxi-blocks-responsive] .maxi-block.maxi-block--backend.text-maxi-2 ol.maxi-text-block__content li{ color: var(--maxi-light-p-color,rgba(var(--maxi-light-color-3,155,155,155),1)); counter-increment: li -1;}body.maxi-blocks--active .edit-post-visual-editor .maxi-block.maxi-block--backend.text-maxi-2 ol.maxi-text-block__content li:not(:first-child),body.maxi-blocks--active .edit-post-visual-editor[maxi-blocks-responsive] .maxi-block.maxi-block--backend.text-maxi-2 ol.maxi-text-block__content li:not(:first-child){ margin-top: 44em;}body.maxi-blocks--active .edit-post-visual-editor .maxi-block.maxi-block--backend.text-maxi-2 ol.maxi-text-block__content li::before,body.maxi-blocks--active .edit-post-visual-editor[maxi-blocks-responsive] .maxi-block.maxi-block--backend.text-maxi-2 ol.maxi-text-block__content li::before{ color: rgba(var(--maxi-light-color-4,255,74,23),1); content: counters(li, \\".\\", armenian); list-style-type: armenian; font-size: 11em; line-height: 46em; margin-right: 0.5em; margin-left: 31px; vertical-align: sub;}body.maxi-blocks--active .edit-post-visual-editor .maxi-block.maxi-block--backend.text-maxi-2 a ol.maxi-text-block__content,body.maxi-blocks--active .edit-post-visual-editor[maxi-blocks-responsive] .maxi-block.maxi-block--backend.text-maxi-2 a ol.maxi-text-block__content{ color: var(--maxi-light-link,rgba(var(--maxi-light-color-4,255,74,23),1));}body.maxi-blocks--active .edit-post-visual-editor .maxi-block.maxi-block--backend.text-maxi-2 a ol.maxi-text-block__content:hover,body.maxi-blocks--active .edit-post-visual-editor[maxi-blocks-responsive] .maxi-block.maxi-block--backend.text-maxi-2 a ol.maxi-text-block__content:hover{ color: var(--maxi-light-link-hover,rgba(var(--maxi-light-color-6,201,52,10),1));}body.maxi-blocks--active .edit-post-visual-editor .maxi-block.maxi-block--backend.text-maxi-2 a ol.maxi-text-block__content:hover span,body.maxi-blocks--active .edit-post-visual-editor[maxi-blocks-responsive] .maxi-block.maxi-block--backend.text-maxi-2 a ol.maxi-text-block__content:hover span{ color: var(--maxi-light-link-hover,rgba(var(--maxi-light-color-6,201,52,10),1));}body.maxi-blocks--active .edit-post-visual-editor .maxi-block.maxi-block--backend.text-maxi-2 a ol.maxi-text-block__content:active,body.maxi-blocks--active .edit-post-visual-editor[maxi-blocks-responsive] .maxi-block.maxi-block--backend.text-maxi-2 a ol.maxi-text-block__content:active{ color: var(--maxi-light-link-active,rgba(var(--maxi-light-color-6,201,52,10),1));}body.maxi-blocks--active .edit-post-visual-editor .maxi-block.maxi-block--backend.text-maxi-2 a ol.maxi-text-block__content:active span,body.maxi-blocks--active .edit-post-visual-editor[maxi-blocks-responsive] .maxi-block.maxi-block--backend.text-maxi-2 a ol.maxi-text-block__content:active span{ color: var(--maxi-light-link-active,rgba(var(--maxi-light-color-6,201,52,10),1));}body.maxi-blocks--active .edit-post-visual-editor .maxi-block.maxi-block--backend.text-maxi-2 a ol.maxi-text-block__content:visited,body.maxi-blocks--active .edit-post-visual-editor[maxi-blocks-responsive] .maxi-block.maxi-block--backend.text-maxi-2 a ol.maxi-text-block__content:visited{ color: var(--maxi-light-link-visited,rgba(var(--maxi-light-color-6,201,52,10),1));}body.maxi-blocks--active .edit-post-visual-editor .maxi-block.maxi-block--backend.text-maxi-2 a ol.maxi-text-block__content:visited span,body.maxi-blocks--active .edit-post-visual-editor[maxi-blocks-responsive] .maxi-block.maxi-block--backend.text-maxi-2 a ol.maxi-text-block__content:visited span{ color: var(--maxi-light-link-visited,rgba(var(--maxi-light-color-6,201,52,10),1));}body.maxi-blocks--active .edit-post-visual-editor .maxi-block.maxi-block--backend.text-maxi-2 ol.maxi-text-block__content a,body.maxi-blocks--active .edit-post-visual-editor[maxi-blocks-responsive] .maxi-block.maxi-block--backend.text-maxi-2 ol.maxi-text-block__content a{ color: var(--maxi-light-link,rgba(var(--maxi-light-color-4,255,74,23),1));}body.maxi-blocks--active .edit-post-visual-editor .maxi-block.maxi-block--backend.text-maxi-2 ol.maxi-text-block__content a:hover,body.maxi-blocks--active .edit-post-visual-editor[maxi-blocks-responsive] .maxi-block.maxi-block--backend.text-maxi-2 ol.maxi-text-block__content a:hover{ color: var(--maxi-light-link-hover,rgba(var(--maxi-light-color-6,201,52,10),1));}body.maxi-blocks--active .edit-post-visual-editor .maxi-block.maxi-block--backend.text-maxi-2 ol.maxi-text-block__content a:hover span,body.maxi-blocks--active .edit-post-visual-editor[maxi-blocks-responsive] .maxi-block.maxi-block--backend.text-maxi-2 ol.maxi-text-block__content a:hover span{ color: var(--maxi-light-link-hover,rgba(var(--maxi-light-color-6,201,52,10),1));}body.maxi-blocks--active .edit-post-visual-editor .maxi-block.maxi-block--backend.text-maxi-2 ol.maxi-text-block__content a:active,body.maxi-blocks--active .edit-post-visual-editor[maxi-blocks-responsive] .maxi-block.maxi-block--backend.text-maxi-2 ol.maxi-text-block__content a:active{ color: var(--maxi-light-link-active,rgba(var(--maxi-light-color-6,201,52,10),1));}body.maxi-blocks--active .edit-post-visual-editor .maxi-block.maxi-block--backend.text-maxi-2 ol.maxi-text-block__content a:active span,body.maxi-blocks--active .edit-post-visual-editor[maxi-blocks-responsive] .maxi-block.maxi-block--backend.text-maxi-2 ol.maxi-text-block__content a:active span{ color: var(--maxi-light-link-active,rgba(var(--maxi-light-color-6,201,52,10),1));}body.maxi-blocks--active .edit-post-visual-editor .maxi-block.maxi-block--backend.text-maxi-2 ol.maxi-text-block__content a:visited,body.maxi-blocks--active .edit-post-visual-editor[maxi-blocks-responsive] .maxi-block.maxi-block--backend.text-maxi-2 ol.maxi-text-block__content a:visited{ color: var(--maxi-light-link-visited,rgba(var(--maxi-light-color-6,201,52,10),1));}body.maxi-blocks--active .edit-post-visual-editor .maxi-block.maxi-block--backend.text-maxi-2 ol.maxi-text-block__content a:visited span,body.maxi-blocks--active .edit-post-visual-editor[maxi-blocks-responsive] .maxi-block.maxi-block--backend.text-maxi-2 ol.maxi-text-block__content a:visited span{ color: var(--maxi-light-link-visited,rgba(var(--maxi-light-color-6,201,52,10),1));}</style>"`;

exports[`List in Text-maxi Check text position, style, start from in organized 2`] = `"<style>body.maxi-blocks--active .edit-post-visual-editor .maxi-block.maxi-block--backend.text-maxi-2 .maxi-text-block--link, .maxi-text-block--link span,body.maxi-blocks--active .edit-post-visual-editor[maxi-blocks-responsive] .maxi-block.maxi-block--backend.text-maxi-2 .maxi-text-block--link, .maxi-text-block--link span{ transition: all 0.3s ease;}body.maxi-blocks--active .edit-post-visual-editor .maxi-block.maxi-block--backend.text-maxi-2 ol.maxi-text-block__content,body.maxi-blocks--active .edit-post-visual-editor[maxi-blocks-responsive] .maxi-block.maxi-block--backend.text-maxi-2 ol.maxi-text-block__content{ counter-reset: li 3; padding-left: 21em; text-indent: 31px;}body.maxi-blocks--active .edit-post-visual-editor .maxi-block.maxi-block--backend.text-maxi-2 ol.maxi-text-block__content li,body.maxi-blocks--active .edit-post-visual-editor[maxi-blocks-responsive] .maxi-block.maxi-block--backend.text-maxi-2 ol.maxi-text-block__content li{ color: var(--maxi-light-p-color,rgba(var(--maxi-light-color-3,155,155,155),1));}body.maxi-blocks--active .edit-post-visual-editor .maxi-block.maxi-block--backend.text-maxi-2 ol.maxi-text-block__content li:not(:first-child),body.maxi-blocks--active .edit-post-visual-editor[maxi-blocks-responsive] .maxi-block.maxi-block--backend.text-maxi-2 ol.maxi-text-block__content li:not(:first-child){ margin-top: 44em;}body.maxi-blocks--active .edit-post-visual-editor .maxi-block.maxi-block--backend.text-maxi-2 ol.maxi-text-block__content li::before,body.maxi-blocks--active .edit-post-visual-editor[maxi-blocks-responsive] .maxi-block.maxi-block--backend.text-maxi-2 ol.maxi-text-block__content li::before{ color: rgba(var(--maxi-light-color-4,255,74,23),1); content: counters(li, \\".\\", armenian); list-style-type: armenian; font-size: 11em; line-height: 46em; margin-right: 0.5em; margin-left: 31px; vertical-align: sub;}body.maxi-blocks--active .edit-post-visual-editor .maxi-block.maxi-block--backend.text-maxi-2 a ol.maxi-text-block__content,body.maxi-blocks--active .edit-post-visual-editor[maxi-blocks-responsive] .maxi-block.maxi-block--backend.text-maxi-2 a ol.maxi-text-block__content{ color: var(--maxi-light-link,rgba(var(--maxi-light-color-4,255,74,23),1));}body.maxi-blocks--active .edit-post-visual-editor .maxi-block.maxi-block--backend.text-maxi-2 a ol.maxi-text-block__content:hover,body.maxi-blocks--active .edit-post-visual-editor[maxi-blocks-responsive] .maxi-block.maxi-block--backend.text-maxi-2 a ol.maxi-text-block__content:hover{ color: var(--maxi-light-link-hover,rgba(var(--maxi-light-color-6,201,52,10),1));}body.maxi-blocks--active .edit-post-visual-editor .maxi-block.maxi-block--backend.text-maxi-2 a ol.maxi-text-block__content:hover span,body.maxi-blocks--active .edit-post-visual-editor[maxi-blocks-responsive] .maxi-block.maxi-block--backend.text-maxi-2 a ol.maxi-text-block__content:hover span{ color: var(--maxi-light-link-hover,rgba(var(--maxi-light-color-6,201,52,10),1));}body.maxi-blocks--active .edit-post-visual-editor .maxi-block.maxi-block--backend.text-maxi-2 a ol.maxi-text-block__content:active,body.maxi-blocks--active .edit-post-visual-editor[maxi-blocks-responsive] .maxi-block.maxi-block--backend.text-maxi-2 a ol.maxi-text-block__content:active{ color: var(--maxi-light-link-active,rgba(var(--maxi-light-color-6,201,52,10),1));}body.maxi-blocks--active .edit-post-visual-editor .maxi-block.maxi-block--backend.text-maxi-2 a ol.maxi-text-block__content:active span,body.maxi-blocks--active .edit-post-visual-editor[maxi-blocks-responsive] .maxi-block.maxi-block--backend.text-maxi-2 a ol.maxi-text-block__content:active span{ color: var(--maxi-light-link-active,rgba(var(--maxi-light-color-6,201,52,10),1));}body.maxi-blocks--active .edit-post-visual-editor .maxi-block.maxi-block--backend.text-maxi-2 a ol.maxi-text-block__content:visited,body.maxi-blocks--active .edit-post-visual-editor[maxi-blocks-responsive] .maxi-block.maxi-block--backend.text-maxi-2 a ol.maxi-text-block__content:visited{ color: var(--maxi-light-link-visited,rgba(var(--maxi-light-color-6,201,52,10),1));}body.maxi-blocks--active .edit-post-visual-editor .maxi-block.maxi-block--backend.text-maxi-2 a ol.maxi-text-block__content:visited span,body.maxi-blocks--active .edit-post-visual-editor[maxi-blocks-responsive] .maxi-block.maxi-block--backend.text-maxi-2 a ol.maxi-text-block__content:visited span{ color: var(--maxi-light-link-visited,rgba(var(--maxi-light-color-6,201,52,10),1));}body.maxi-blocks--active .edit-post-visual-editor .maxi-block.maxi-block--backend.text-maxi-2 ol.maxi-text-block__content a,body.maxi-blocks--active .edit-post-visual-editor[maxi-blocks-responsive] .maxi-block.maxi-block--backend.text-maxi-2 ol.maxi-text-block__content a{ color: var(--maxi-light-link,rgba(var(--maxi-light-color-4,255,74,23),1));}body.maxi-blocks--active .edit-post-visual-editor .maxi-block.maxi-block--backend.text-maxi-2 ol.maxi-text-block__content a:hover,body.maxi-blocks--active .edit-post-visual-editor[maxi-blocks-responsive] .maxi-block.maxi-block--backend.text-maxi-2 ol.maxi-text-block__content a:hover{ color: var(--maxi-light-link-hover,rgba(var(--maxi-light-color-6,201,52,10),1));}body.maxi-blocks--active .edit-post-visual-editor .maxi-block.maxi-block--backend.text-maxi-2 ol.maxi-text-block__content a:hover span,body.maxi-blocks--active .edit-post-visual-editor[maxi-blocks-responsive] .maxi-block.maxi-block--backend.text-maxi-2 ol.maxi-text-block__content a:hover span{ color: var(--maxi-light-link-hover,rgba(var(--maxi-light-color-6,201,52,10),1));}body.maxi-blocks--active .edit-post-visual-editor .maxi-block.maxi-block--backend.text-maxi-2 ol.maxi-text-block__content a:active,body.maxi-blocks--active .edit-post-visual-editor[maxi-blocks-responsive] .maxi-block.maxi-block--backend.text-maxi-2 ol.maxi-text-block__content a:active{ color: var(--maxi-light-link-active,rgba(var(--maxi-light-color-6,201,52,10),1));}body.maxi-blocks--active .edit-post-visual-editor .maxi-block.maxi-block--backend.text-maxi-2 ol.maxi-text-block__content a:active span,body.maxi-blocks--active .edit-post-visual-editor[maxi-blocks-responsive] .maxi-block.maxi-block--backend.text-maxi-2 ol.maxi-text-block__content a:active span{ color: var(--maxi-light-link-active,rgba(var(--maxi-light-color-6,201,52,10),1));}body.maxi-blocks--active .edit-post-visual-editor .maxi-block.maxi-block--backend.text-maxi-2 ol.maxi-text-block__content a:visited,body.maxi-blocks--active .edit-post-visual-editor[maxi-blocks-responsive] .maxi-block.maxi-block--backend.text-maxi-2 ol.maxi-text-block__content a:visited{ color: var(--maxi-light-link-visited,rgba(var(--maxi-light-color-6,201,52,10),1));}body.maxi-blocks--active .edit-post-visual-editor .maxi-block.maxi-block--backend.text-maxi-2 ol.maxi-text-block__content a:visited span,body.maxi-blocks--active .edit-post-visual-editor[maxi-blocks-responsive] .maxi-block.maxi-block--backend.text-maxi-2 ol.maxi-text-block__content a:visited span{ color: var(--maxi-light-link-visited,rgba(var(--maxi-light-color-6,201,52,10),1));}</style>"`;

exports[`List in Text-maxi Use list options 1`] = `"<style>body.maxi-blocks--active .edit-post-visual-editor .maxi-block.maxi-block--backend.text-maxi-2 .maxi-text-block--link, .maxi-text-block--link span,body.maxi-blocks--active .edit-post-visual-editor[maxi-blocks-responsive] .maxi-block.maxi-block--backend.text-maxi-2 .maxi-text-block--link, .maxi-text-block--link span{ transition: all 0.3s ease;}body.maxi-blocks--active .edit-post-visual-editor .maxi-block.maxi-block--backend.text-maxi-2 ol.maxi-text-block__content,body.maxi-blocks--active .edit-post-visual-editor[maxi-blocks-responsive] .maxi-block.maxi-block--backend.text-maxi-2 ol.maxi-text-block__content{ counter-reset: li 0; padding-left: 1em;}body.maxi-blocks--active .edit-post-visual-editor .maxi-block.maxi-block--backend.text-maxi-2 ol.maxi-text-block__content li,body.maxi-blocks--active .edit-post-visual-editor[maxi-blocks-responsive] .maxi-block.maxi-block--backend.text-maxi-2 ol.maxi-text-block__content li{ color: var(--maxi-light-p-color,rgba(var(--maxi-light-color-3,155,155,155),1));}body.maxi-blocks--active .edit-post-visual-editor .maxi-block.maxi-block--backend.text-maxi-2 ol.maxi-text-block__content li::before,body.maxi-blocks--active .edit-post-visual-editor[maxi-blocks-responsive] .maxi-block.maxi-block--backend.text-maxi-2 ol.maxi-text-block__content li::before{ color: rgba(var(--maxi-light-color-4,255,74,23),1); content: counters(li, \\".\\"); font-size: 1em; line-height: 0.5em; margin-right: 0.5em; margin-left: 0px; vertical-align: middle;}body.maxi-blocks--active .edit-post-visual-editor .maxi-block.maxi-block--backend.text-maxi-2 a ol.maxi-text-block__content,body.maxi-blocks--active .edit-post-visual-editor[maxi-blocks-responsive] .maxi-block.maxi-block--backend.text-maxi-2 a ol.maxi-text-block__content{ color: var(--maxi-light-link,rgba(var(--maxi-light-color-4,255,74,23),1));}body.maxi-blocks--active .edit-post-visual-editor .maxi-block.maxi-block--backend.text-maxi-2 a ol.maxi-text-block__content:hover,body.maxi-blocks--active .edit-post-visual-editor[maxi-blocks-responsive] .maxi-block.maxi-block--backend.text-maxi-2 a ol.maxi-text-block__content:hover{ color: var(--maxi-light-link-hover,rgba(var(--maxi-light-color-6,201,52,10),1));}body.maxi-blocks--active .edit-post-visual-editor .maxi-block.maxi-block--backend.text-maxi-2 a ol.maxi-text-block__content:hover span,body.maxi-blocks--active .edit-post-visual-editor[maxi-blocks-responsive] .maxi-block.maxi-block--backend.text-maxi-2 a ol.maxi-text-block__content:hover span{ color: var(--maxi-light-link-hover,rgba(var(--maxi-light-color-6,201,52,10),1));}body.maxi-blocks--active .edit-post-visual-editor .maxi-block.maxi-block--backend.text-maxi-2 a ol.maxi-text-block__content:active,body.maxi-blocks--active .edit-post-visual-editor[maxi-blocks-responsive] .maxi-block.maxi-block--backend.text-maxi-2 a ol.maxi-text-block__content:active{ color: var(--maxi-light-link-active,rgba(var(--maxi-light-color-6,201,52,10),1));}body.maxi-blocks--active .edit-post-visual-editor .maxi-block.maxi-block--backend.text-maxi-2 a ol.maxi-text-block__content:active span,body.maxi-blocks--active .edit-post-visual-editor[maxi-blocks-responsive] .maxi-block.maxi-block--backend.text-maxi-2 a ol.maxi-text-block__content:active span{ color: var(--maxi-light-link-active,rgba(var(--maxi-light-color-6,201,52,10),1));}body.maxi-blocks--active .edit-post-visual-editor .maxi-block.maxi-block--backend.text-maxi-2 a ol.maxi-text-block__content:visited,body.maxi-blocks--active .edit-post-visual-editor[maxi-blocks-responsive] .maxi-block.maxi-block--backend.text-maxi-2 a ol.maxi-text-block__content:visited{ color: var(--maxi-light-link-visited,rgba(var(--maxi-light-color-6,201,52,10),1));}body.maxi-blocks--active .edit-post-visual-editor .maxi-block.maxi-block--backend.text-maxi-2 a ol.maxi-text-block__content:visited span,body.maxi-blocks--active .edit-post-visual-editor[maxi-blocks-responsive] .maxi-block.maxi-block--backend.text-maxi-2 a ol.maxi-text-block__content:visited span{ color: var(--maxi-light-link-visited,rgba(var(--maxi-light-color-6,201,52,10),1));}body.maxi-blocks--active .edit-post-visual-editor .maxi-block.maxi-block--backend.text-maxi-2 ol.maxi-text-block__content a,body.maxi-blocks--active .edit-post-visual-editor[maxi-blocks-responsive] .maxi-block.maxi-block--backend.text-maxi-2 ol.maxi-text-block__content a{ color: var(--maxi-light-link,rgba(var(--maxi-light-color-4,255,74,23),1));}body.maxi-blocks--active .edit-post-visual-editor .maxi-block.maxi-block--backend.text-maxi-2 ol.maxi-text-block__content a:hover,body.maxi-blocks--active .edit-post-visual-editor[maxi-blocks-responsive] .maxi-block.maxi-block--backend.text-maxi-2 ol.maxi-text-block__content a:hover{ color: var(--maxi-light-link-hover,rgba(var(--maxi-light-color-6,201,52,10),1));}body.maxi-blocks--active .edit-post-visual-editor .maxi-block.maxi-block--backend.text-maxi-2 ol.maxi-text-block__content a:hover span,body.maxi-blocks--active .edit-post-visual-editor[maxi-blocks-responsive] .maxi-block.maxi-block--backend.text-maxi-2 ol.maxi-text-block__content a:hover span{ color: var(--maxi-light-link-hover,rgba(var(--maxi-light-color-6,201,52,10),1));}body.maxi-blocks--active .edit-post-visual-editor .maxi-block.maxi-block--backend.text-maxi-2 ol.maxi-text-block__content a:active,body.maxi-blocks--active .edit-post-visual-editor[maxi-blocks-responsive] .maxi-block.maxi-block--backend.text-maxi-2 ol.maxi-text-block__content a:active{ color: var(--maxi-light-link-active,rgba(var(--maxi-light-color-6,201,52,10),1));}body.maxi-blocks--active .edit-post-visual-editor .maxi-block.maxi-block--backend.text-maxi-2 ol.maxi-text-block__content a:active span,body.maxi-blocks--active .edit-post-visual-editor[maxi-blocks-responsive] .maxi-block.maxi-block--backend.text-maxi-2 ol.maxi-text-block__content a:active span{ color: var(--maxi-light-link-active,rgba(var(--maxi-light-color-6,201,52,10),1));}body.maxi-blocks--active .edit-post-visual-editor .maxi-block.maxi-block--backend.text-maxi-2 ol.maxi-text-block__content a:visited,body.maxi-blocks--active .edit-post-visual-editor[maxi-blocks-responsive] .maxi-block.maxi-block--backend.text-maxi-2 ol.maxi-text-block__content a:visited{ color: var(--maxi-light-link-visited,rgba(var(--maxi-light-color-6,201,52,10),1));}body.maxi-blocks--active .edit-post-visual-editor .maxi-block.maxi-block--backend.text-maxi-2 ol.maxi-text-block__content a:visited span,body.maxi-blocks--active .edit-post-visual-editor[maxi-blocks-responsive] .maxi-block.maxi-block--backend.text-maxi-2 ol.maxi-text-block__content a:visited span{ color: var(--maxi-light-link-visited,rgba(var(--maxi-light-color-6,201,52,10),1));}</style>"`;
