// Jest Snapshot v1, https://goo.gl/fbAQLP

exports[`TransformControl Check transform control 1`] = `
{
  "canvas": {
    "normal": {
      "x": 44,
      "y": 55,
    },
  },
}
`;

exports[`TransformControl Check transform control 2`] = `
{
  "canvas": {
    "normal": {
      "x": 66,
      "x-unit": "px",
      "y": 55,
      "y-unit": "px",
    },
  },
}
`;

exports[`TransformControl Check transform control 3`] = `
{
  "canvas": {
    "normal": {
      "x": 150,
      "y": 200,
      "z": 100,
    },
  },
}
`;

exports[`TransformControl Check transform control 4`] = `
{
  "canvas": {
    "normal": {
      "x": "21",
      "x-unit": "%",
      "y": "81",
      "y-unit": "%",
    },
  },
}
`;

exports[`TransformControl Should check responsive 1`] = `"<style>body.maxi-blocks--active .edit-post-visual-editor .maxi-block.maxi-block--backend.image-maxi-1se8ef1z-u,body.maxi-blocks--active .edit-post-visual-editor[maxi-blocks-responsive] .maxi-block.maxi-block--backend.image-maxi-1se8ef1z-u{ justify-content: center; transform: scaleX(0.44) scaleY(0.55) translateX(66px) translateY(55px) rotateX(150deg) rotateY(200deg) rotateZ(100deg) ; transform-origin: 21% 81% ;}body.maxi-blocks--active .edit-post-visual-editor[maxi-blocks-responsive="xl"] .maxi-block.maxi-block--backend.image-maxi-1se8ef1z-u,body.maxi-blocks--active .edit-post-visual-editor[maxi-blocks-responsive="l"] .maxi-block.maxi-block--backend.image-maxi-1se8ef1z-u,body.maxi-blocks--active .edit-post-visual-editor[maxi-blocks-responsive="m"] .maxi-block.maxi-block--backend.image-maxi-1se8ef1z-u,body.maxi-blocks--active .edit-post-visual-editor[maxi-blocks-responsive="s"] .maxi-block.maxi-block--backend.image-maxi-1se8ef1z-u,body.maxi-blocks--active .edit-post-visual-editor[maxi-blocks-responsive="xs"] .maxi-block.maxi-block--backend.image-maxi-1se8ef1z-u{ justify-content: center; transform: scaleX(0.44) scaleY(0.55) translateX(66px) translateY(55px) rotateX(150deg) rotateY(200deg) rotateZ(100deg) ; transform-origin: 21% 81% ;}body.maxi-blocks--active .edit-post-visual-editor .maxi-block.maxi-block--backend.image-maxi-1se8ef1z-u .maxi-image-block-wrapper,body.maxi-blocks--active .edit-post-visual-editor[maxi-blocks-responsive] .maxi-block.maxi-block--backend.image-maxi-1se8ef1z-u .maxi-image-block-wrapper{ justify-content: center;}body.maxi-blocks--active .edit-post-visual-editor[maxi-blocks-responsive="xl"] .maxi-block.maxi-block--backend.image-maxi-1se8ef1z-u .maxi-image-block-wrapper,body.maxi-blocks--active .edit-post-visual-editor[maxi-blocks-responsive="l"] .maxi-block.maxi-block--backend.image-maxi-1se8ef1z-u .maxi-image-block-wrapper,body.maxi-blocks--active .edit-post-visual-editor[maxi-blocks-responsive="m"] .maxi-block.maxi-block--backend.image-maxi-1se8ef1z-u .maxi-image-block-wrapper,body.maxi-blocks--active .edit-post-visual-editor[maxi-blocks-responsive="s"] .maxi-block.maxi-block--backend.image-maxi-1se8ef1z-u .maxi-image-block-wrapper,body.maxi-blocks--active .edit-post-visual-editor[maxi-blocks-responsive="xs"] .maxi-block.maxi-block--backend.image-maxi-1se8ef1z-u .maxi-image-block-wrapper{ justify-content: center;}body.maxi-blocks--active .edit-post-visual-editor .maxi-block.maxi-block--backend.image-maxi-1se8ef1z-u .maxi-image-block-wrapper img,body.maxi-blocks--active .edit-post-visual-editor[maxi-blocks-responsive] .maxi-block.maxi-block--backend.image-maxi-1se8ef1z-u .maxi-image-block-wrapper img{ width: 100%;}body.maxi-blocks--active .edit-post-visual-editor[maxi-blocks-responsive="xl"] .maxi-block.maxi-block--backend.image-maxi-1se8ef1z-u .maxi-image-block-wrapper img,body.maxi-blocks--active .edit-post-visual-editor[maxi-blocks-responsive="l"] .maxi-block.maxi-block--backend.image-maxi-1se8ef1z-u .maxi-image-block-wrapper img,body.maxi-blocks--active .edit-post-visual-editor[maxi-blocks-responsive="m"] .maxi-block.maxi-block--backend.image-maxi-1se8ef1z-u .maxi-image-block-wrapper img,body.maxi-blocks--active .edit-post-visual-editor[maxi-blocks-responsive="s"] .maxi-block.maxi-block--backend.image-maxi-1se8ef1z-u .maxi-image-block-wrapper img,body.maxi-blocks--active .edit-post-visual-editor[maxi-blocks-responsive="xs"] .maxi-block.maxi-block--backend.image-maxi-1se8ef1z-u .maxi-image-block-wrapper img{ width: 100%;}body.maxi-blocks--active .edit-post-visual-editor .maxi-block.maxi-block--backend.image-maxi-1se8ef1z-u figcaption,body.maxi-blocks--active .edit-post-visual-editor[maxi-blocks-responsive] .maxi-block.maxi-block--backend.image-maxi-1se8ef1z-u figcaption{ width: 100%; margin-top: 1em;}body.maxi-blocks--active .edit-post-visual-editor[maxi-blocks-responsive="xl"] .maxi-block.maxi-block--backend.image-maxi-1se8ef1z-u figcaption,body.maxi-blocks--active .edit-post-visual-editor[maxi-blocks-responsive="l"] .maxi-block.maxi-block--backend.image-maxi-1se8ef1z-u figcaption,body.maxi-blocks--active .edit-post-visual-editor[maxi-blocks-responsive="m"] .maxi-block.maxi-block--backend.image-maxi-1se8ef1z-u figcaption,body.maxi-blocks--active .edit-post-visual-editor[maxi-blocks-responsive="s"] .maxi-block.maxi-block--backend.image-maxi-1se8ef1z-u figcaption,body.maxi-blocks--active .edit-post-visual-editor[maxi-blocks-responsive="xs"] .maxi-block.maxi-block--backend.image-maxi-1se8ef1z-u figcaption{ width: 100%; margin-top: 1em;}body.maxi-blocks--active .edit-post-visual-editor .maxi-block.maxi-block--backend.image-maxi-1se8ef1z-u a figcaption.maxi-image-block__caption,body.maxi-blocks--active .edit-post-visual-editor[maxi-blocks-responsive] .maxi-block.maxi-block--backend.image-maxi-1se8ef1z-u a figcaption.maxi-image-block__caption{ color: var(--maxi-light-link,rgba(var(--maxi-light-color-4,255,74,23),1));}body.maxi-blocks--active .edit-post-visual-editor[maxi-blocks-responsive="xl"] .maxi-block.maxi-block--backend.image-maxi-1se8ef1z-u a figcaption.maxi-image-block__caption,body.maxi-blocks--active .edit-post-visual-editor[maxi-blocks-responsive="l"] .maxi-block.maxi-block--backend.image-maxi-1se8ef1z-u a figcaption.maxi-image-block__caption,body.maxi-blocks--active .edit-post-visual-editor[maxi-blocks-responsive="m"] .maxi-block.maxi-block--backend.image-maxi-1se8ef1z-u a figcaption.maxi-image-block__caption,body.maxi-blocks--active .edit-post-visual-editor[maxi-blocks-responsive="s"] .maxi-block.maxi-block--backend.image-maxi-1se8ef1z-u a figcaption.maxi-image-block__caption,body.maxi-blocks--active .edit-post-visual-editor[maxi-blocks-responsive="xs"] .maxi-block.maxi-block--backend.image-maxi-1se8ef1z-u a figcaption.maxi-image-block__caption{ color: var(--maxi-light-link,rgba(var(--maxi-light-color-4,255,74,23),1));}body.maxi-blocks--active .edit-post-visual-editor .maxi-block.maxi-block--backend.image-maxi-1se8ef1z-u a figcaption.maxi-image-block__caption:hover,body.maxi-blocks--active .edit-post-visual-editor[maxi-blocks-responsive] .maxi-block.maxi-block--backend.image-maxi-1se8ef1z-u a figcaption.maxi-image-block__caption:hover{ color: var(--maxi-light-link-hover,rgba(var(--maxi-light-color-6,201,52,10),1));}body.maxi-blocks--active .edit-post-visual-editor[maxi-blocks-responsive="xl"] .maxi-block.maxi-block--backend.image-maxi-1se8ef1z-u a figcaption.maxi-image-block__caption:hover,body.maxi-blocks--active .edit-post-visual-editor[maxi-blocks-responsive="l"] .maxi-block.maxi-block--backend.image-maxi-1se8ef1z-u a figcaption.maxi-image-block__caption:hover,body.maxi-blocks--active .edit-post-visual-editor[maxi-blocks-responsive="m"] .maxi-block.maxi-block--backend.image-maxi-1se8ef1z-u a figcaption.maxi-image-block__caption:hover,body.maxi-blocks--active .edit-post-visual-editor[maxi-blocks-responsive="s"] .maxi-block.maxi-block--backend.image-maxi-1se8ef1z-u a figcaption.maxi-image-block__caption:hover,body.maxi-blocks--active .edit-post-visual-editor[maxi-blocks-responsive="xs"] .maxi-block.maxi-block--backend.image-maxi-1se8ef1z-u a figcaption.maxi-image-block__caption:hover{ color: var(--maxi-light-link-hover,rgba(var(--maxi-light-color-6,201,52,10),1));}body.maxi-blocks--active .edit-post-visual-editor .maxi-block.maxi-block--backend.image-maxi-1se8ef1z-u a figcaption.maxi-image-block__caption:active,body.maxi-blocks--active .edit-post-visual-editor[maxi-blocks-responsive] .maxi-block.maxi-block--backend.image-maxi-1se8ef1z-u a figcaption.maxi-image-block__caption:active{ color: var(--maxi-light-link-active,rgba(var(--maxi-light-color-6,201,52,10),1));}body.maxi-blocks--active .edit-post-visual-editor[maxi-blocks-responsive="xl"] .maxi-block.maxi-block--backend.image-maxi-1se8ef1z-u a figcaption.maxi-image-block__caption:active,body.maxi-blocks--active .edit-post-visual-editor[maxi-blocks-responsive="l"] .maxi-block.maxi-block--backend.image-maxi-1se8ef1z-u a figcaption.maxi-image-block__caption:active,body.maxi-blocks--active .edit-post-visual-editor[maxi-blocks-responsive="m"] .maxi-block.maxi-block--backend.image-maxi-1se8ef1z-u a figcaption.maxi-image-block__caption:active,body.maxi-blocks--active .edit-post-visual-editor[maxi-blocks-responsive="s"] .maxi-block.maxi-block--backend.image-maxi-1se8ef1z-u a figcaption.maxi-image-block__caption:active,body.maxi-blocks--active .edit-post-visual-editor[maxi-blocks-responsive="xs"] .maxi-block.maxi-block--backend.image-maxi-1se8ef1z-u a figcaption.maxi-image-block__caption:active{ color: var(--maxi-light-link-active,rgba(var(--maxi-light-color-6,201,52,10),1));}body.maxi-blocks--active .edit-post-visual-editor .maxi-block.maxi-block--backend.image-maxi-1se8ef1z-u a figcaption.maxi-image-block__caption:active span,body.maxi-blocks--active .edit-post-visual-editor[maxi-blocks-responsive] .maxi-block.maxi-block--backend.image-maxi-1se8ef1z-u a figcaption.maxi-image-block__caption:active span{ color: var(--maxi-light-link-active,rgba(var(--maxi-light-color-6,201,52,10),1));}body.maxi-blocks--active .edit-post-visual-editor[maxi-blocks-responsive="xl"] .maxi-block.maxi-block--backend.image-maxi-1se8ef1z-u a figcaption.maxi-image-block__caption:active span,body.maxi-blocks--active .edit-post-visual-editor[maxi-blocks-responsive="l"] .maxi-block.maxi-block--backend.image-maxi-1se8ef1z-u a figcaption.maxi-image-block__caption:active span,body.maxi-blocks--active .edit-post-visual-editor[maxi-blocks-responsive="m"] .maxi-block.maxi-block--backend.image-maxi-1se8ef1z-u a figcaption.maxi-image-block__caption:active span,body.maxi-blocks--active .edit-post-visual-editor[maxi-blocks-responsive="s"] .maxi-block.maxi-block--backend.image-maxi-1se8ef1z-u a figcaption.maxi-image-block__caption:active span,body.maxi-blocks--active .edit-post-visual-editor[maxi-blocks-responsive="xs"] .maxi-block.maxi-block--backend.image-maxi-1se8ef1z-u a figcaption.maxi-image-block__caption:active span{ color: var(--maxi-light-link-active,rgba(var(--maxi-light-color-6,201,52,10),1));}body.maxi-blocks--active .edit-post-visual-editor .maxi-block.maxi-block--backend.image-maxi-1se8ef1z-u a figcaption.maxi-image-block__caption:visited,body.maxi-blocks--active .edit-post-visual-editor[maxi-blocks-responsive] .maxi-block.maxi-block--backend.image-maxi-1se8ef1z-u a figcaption.maxi-image-block__caption:visited{ color: var(--maxi-light-link-visited,rgba(var(--maxi-light-color-6,201,52,10),1));}body.maxi-blocks--active .edit-post-visual-editor[maxi-blocks-responsive="xl"] .maxi-block.maxi-block--backend.image-maxi-1se8ef1z-u a figcaption.maxi-image-block__caption:visited,body.maxi-blocks--active .edit-post-visual-editor[maxi-blocks-responsive="l"] .maxi-block.maxi-block--backend.image-maxi-1se8ef1z-u a figcaption.maxi-image-block__caption:visited,body.maxi-blocks--active .edit-post-visual-editor[maxi-blocks-responsive="m"] .maxi-block.maxi-block--backend.image-maxi-1se8ef1z-u a figcaption.maxi-image-block__caption:visited,body.maxi-blocks--active .edit-post-visual-editor[maxi-blocks-responsive="s"] .maxi-block.maxi-block--backend.image-maxi-1se8ef1z-u a figcaption.maxi-image-block__caption:visited,body.maxi-blocks--active .edit-post-visual-editor[maxi-blocks-responsive="xs"] .maxi-block.maxi-block--backend.image-maxi-1se8ef1z-u a figcaption.maxi-image-block__caption:visited{ color: var(--maxi-light-link-visited,rgba(var(--maxi-light-color-6,201,52,10),1));}body.maxi-blocks--active .edit-post-visual-editor .maxi-block.maxi-block--backend.image-maxi-1se8ef1z-u a figcaption.maxi-image-block__caption:visited span,body.maxi-blocks--active .edit-post-visual-editor[maxi-blocks-responsive] .maxi-block.maxi-block--backend.image-maxi-1se8ef1z-u a figcaption.maxi-image-block__caption:visited span{ color: var(--maxi-light-link-visited,rgba(var(--maxi-light-color-6,201,52,10),1));}body.maxi-blocks--active .edit-post-visual-editor[maxi-blocks-responsive="xl"] .maxi-block.maxi-block--backend.image-maxi-1se8ef1z-u a figcaption.maxi-image-block__caption:visited span,body.maxi-blocks--active .edit-post-visual-editor[maxi-blocks-responsive="l"] .maxi-block.maxi-block--backend.image-maxi-1se8ef1z-u a figcaption.maxi-image-block__caption:visited span,body.maxi-blocks--active .edit-post-visual-editor[maxi-blocks-responsive="m"] .maxi-block.maxi-block--backend.image-maxi-1se8ef1z-u a figcaption.maxi-image-block__caption:visited span,body.maxi-blocks--active .edit-post-visual-editor[maxi-blocks-responsive="s"] .maxi-block.maxi-block--backend.image-maxi-1se8ef1z-u a figcaption.maxi-image-block__caption:visited span,body.maxi-blocks--active .edit-post-visual-editor[maxi-blocks-responsive="xs"] .maxi-block.maxi-block--backend.image-maxi-1se8ef1z-u a figcaption.maxi-image-block__caption:visited span{ color: var(--maxi-light-link-visited,rgba(var(--maxi-light-color-6,201,52,10),1));}body.maxi-blocks--active .edit-post-visual-editor .maxi-block.maxi-block--backend.image-maxi-1se8ef1z-u.block-editor-block-list__block  a figcaption.maxi-image-block__caption:visited,body.maxi-blocks--active .edit-post-visual-editor[maxi-blocks-responsive] .maxi-block.maxi-block--backend.image-maxi-1se8ef1z-u.block-editor-block-list__block  a figcaption.maxi-image-block__caption:visited{ color: var(--maxi-light-link,rgba(var(--maxi-light-color-4,255,74,23),1));}body.maxi-blocks--active .edit-post-visual-editor[maxi-blocks-responsive="xl"] .maxi-block.maxi-block--backend.image-maxi-1se8ef1z-u.block-editor-block-list__block  a figcaption.maxi-image-block__caption:visited,body.maxi-blocks--active .edit-post-visual-editor[maxi-blocks-responsive="l"] .maxi-block.maxi-block--backend.image-maxi-1se8ef1z-u.block-editor-block-list__block  a figcaption.maxi-image-block__caption:visited,body.maxi-blocks--active .edit-post-visual-editor[maxi-blocks-responsive="m"] .maxi-block.maxi-block--backend.image-maxi-1se8ef1z-u.block-editor-block-list__block  a figcaption.maxi-image-block__caption:visited,body.maxi-blocks--active .edit-post-visual-editor[maxi-blocks-responsive="s"] .maxi-block.maxi-block--backend.image-maxi-1se8ef1z-u.block-editor-block-list__block  a figcaption.maxi-image-block__caption:visited,body.maxi-blocks--active .edit-post-visual-editor[maxi-blocks-responsive="xs"] .maxi-block.maxi-block--backend.image-maxi-1se8ef1z-u.block-editor-block-list__block  a figcaption.maxi-image-block__caption:visited{ color: var(--maxi-light-link,rgba(var(--maxi-light-color-4,255,74,23),1));}body.maxi-blocks--active .edit-post-visual-editor .maxi-block.maxi-block--backend.image-maxi-1se8ef1z-u a figcaption.maxi-image-block__caption:visited:hover,body.maxi-blocks--active .edit-post-visual-editor[maxi-blocks-responsive] .maxi-block.maxi-block--backend.image-maxi-1se8ef1z-u a figcaption.maxi-image-block__caption:visited:hover{ color: var(--maxi-light-link-hover,rgba(var(--maxi-light-color-6,201,52,10),1));}body.maxi-blocks--active .edit-post-visual-editor[maxi-blocks-responsive="xl"] .maxi-block.maxi-block--backend.image-maxi-1se8ef1z-u a figcaption.maxi-image-block__caption:visited:hover,body.maxi-blocks--active .edit-post-visual-editor[maxi-blocks-responsive="l"] .maxi-block.maxi-block--backend.image-maxi-1se8ef1z-u a figcaption.maxi-image-block__caption:visited:hover,body.maxi-blocks--active .edit-post-visual-editor[maxi-blocks-responsive="m"] .maxi-block.maxi-block--backend.image-maxi-1se8ef1z-u a figcaption.maxi-image-block__caption:visited:hover,body.maxi-blocks--active .edit-post-visual-editor[maxi-blocks-responsive="s"] .maxi-block.maxi-block--backend.image-maxi-1se8ef1z-u a figcaption.maxi-image-block__caption:visited:hover,body.maxi-blocks--active .edit-post-visual-editor[maxi-blocks-responsive="xs"] .maxi-block.maxi-block--backend.image-maxi-1se8ef1z-u a figcaption.maxi-image-block__caption:visited:hover{ color: var(--maxi-light-link-hover,rgba(var(--maxi-light-color-6,201,52,10),1));}body.maxi-blocks--active .edit-post-visual-editor .maxi-block.maxi-block--backend.image-maxi-1se8ef1z-u figcaption.maxi-image-block__caption a,body.maxi-blocks--active .edit-post-visual-editor[maxi-blocks-responsive] .maxi-block.maxi-block--backend.image-maxi-1se8ef1z-u figcaption.maxi-image-block__caption a{ color: var(--maxi-light-link,rgba(var(--maxi-light-color-4,255,74,23),1));}body.maxi-blocks--active .edit-post-visual-editor[maxi-blocks-responsive="xl"] .maxi-block.maxi-block--backend.image-maxi-1se8ef1z-u figcaption.maxi-image-block__caption a,body.maxi-blocks--active .edit-post-visual-editor[maxi-blocks-responsive="l"] .maxi-block.maxi-block--backend.image-maxi-1se8ef1z-u figcaption.maxi-image-block__caption a,body.maxi-blocks--active .edit-post-visual-editor[maxi-blocks-responsive="m"] .maxi-block.maxi-block--backend.image-maxi-1se8ef1z-u figcaption.maxi-image-block__caption a,body.maxi-blocks--active .edit-post-visual-editor[maxi-blocks-responsive="s"] .maxi-block.maxi-block--backend.image-maxi-1se8ef1z-u figcaption.maxi-image-block__caption a,body.maxi-blocks--active .edit-post-visual-editor[maxi-blocks-responsive="xs"] .maxi-block.maxi-block--backend.image-maxi-1se8ef1z-u figcaption.maxi-image-block__caption a{ color: var(--maxi-light-link,rgba(var(--maxi-light-color-4,255,74,23),1));}body.maxi-blocks--active .edit-post-visual-editor .maxi-block.maxi-block--backend.image-maxi-1se8ef1z-u figcaption.maxi-image-block__caption a:hover,body.maxi-blocks--active .edit-post-visual-editor[maxi-blocks-responsive] .maxi-block.maxi-block--backend.image-maxi-1se8ef1z-u figcaption.maxi-image-block__caption a:hover{ color: var(--maxi-light-link-hover,rgba(var(--maxi-light-color-6,201,52,10),1));}body.maxi-blocks--active .edit-post-visual-editor[maxi-blocks-responsive="xl"] .maxi-block.maxi-block--backend.image-maxi-1se8ef1z-u figcaption.maxi-image-block__caption a:hover,body.maxi-blocks--active .edit-post-visual-editor[maxi-blocks-responsive="l"] .maxi-block.maxi-block--backend.image-maxi-1se8ef1z-u figcaption.maxi-image-block__caption a:hover,body.maxi-blocks--active .edit-post-visual-editor[maxi-blocks-responsive="m"] .maxi-block.maxi-block--backend.image-maxi-1se8ef1z-u figcaption.maxi-image-block__caption a:hover,body.maxi-blocks--active .edit-post-visual-editor[maxi-blocks-responsive="s"] .maxi-block.maxi-block--backend.image-maxi-1se8ef1z-u figcaption.maxi-image-block__caption a:hover,body.maxi-blocks--active .edit-post-visual-editor[maxi-blocks-responsive="xs"] .maxi-block.maxi-block--backend.image-maxi-1se8ef1z-u figcaption.maxi-image-block__caption a:hover{ color: var(--maxi-light-link-hover,rgba(var(--maxi-light-color-6,201,52,10),1));}body.maxi-blocks--active .edit-post-visual-editor .maxi-block.maxi-block--backend.image-maxi-1se8ef1z-u figcaption.maxi-image-block__caption a:active,body.maxi-blocks--active .edit-post-visual-editor[maxi-blocks-responsive] .maxi-block.maxi-block--backend.image-maxi-1se8ef1z-u figcaption.maxi-image-block__caption a:active{ color: var(--maxi-light-link-active,rgba(var(--maxi-light-color-6,201,52,10),1));}body.maxi-blocks--active .edit-post-visual-editor[maxi-blocks-responsive="xl"] .maxi-block.maxi-block--backend.image-maxi-1se8ef1z-u figcaption.maxi-image-block__caption a:active,body.maxi-blocks--active .edit-post-visual-editor[maxi-blocks-responsive="l"] .maxi-block.maxi-block--backend.image-maxi-1se8ef1z-u figcaption.maxi-image-block__caption a:active,body.maxi-blocks--active .edit-post-visual-editor[maxi-blocks-responsive="m"] .maxi-block.maxi-block--backend.image-maxi-1se8ef1z-u figcaption.maxi-image-block__caption a:active,body.maxi-blocks--active .edit-post-visual-editor[maxi-blocks-responsive="s"] .maxi-block.maxi-block--backend.image-maxi-1se8ef1z-u figcaption.maxi-image-block__caption a:active,body.maxi-blocks--active .edit-post-visual-editor[maxi-blocks-responsive="xs"] .maxi-block.maxi-block--backend.image-maxi-1se8ef1z-u figcaption.maxi-image-block__caption a:active{ color: var(--maxi-light-link-active,rgba(var(--maxi-light-color-6,201,52,10),1));}body.maxi-blocks--active .edit-post-visual-editor .maxi-block.maxi-block--backend.image-maxi-1se8ef1z-u figcaption.maxi-image-block__caption a:active span,body.maxi-blocks--active .edit-post-visual-editor[maxi-blocks-responsive] .maxi-block.maxi-block--backend.image-maxi-1se8ef1z-u figcaption.maxi-image-block__caption a:active span{ color: var(--maxi-light-link-active,rgba(var(--maxi-light-color-6,201,52,10),1));}body.maxi-blocks--active .edit-post-visual-editor[maxi-blocks-responsive="xl"] .maxi-block.maxi-block--backend.image-maxi-1se8ef1z-u figcaption.maxi-image-block__caption a:active span,body.maxi-blocks--active .edit-post-visual-editor[maxi-blocks-responsive="l"] .maxi-block.maxi-block--backend.image-maxi-1se8ef1z-u figcaption.maxi-image-block__caption a:active span,body.maxi-blocks--active .edit-post-visual-editor[maxi-blocks-responsive="m"] .maxi-block.maxi-block--backend.image-maxi-1se8ef1z-u figcaption.maxi-image-block__caption a:active span,body.maxi-blocks--active .edit-post-visual-editor[maxi-blocks-responsive="s"] .maxi-block.maxi-block--backend.image-maxi-1se8ef1z-u figcaption.maxi-image-block__caption a:active span,body.maxi-blocks--active .edit-post-visual-editor[maxi-blocks-responsive="xs"] .maxi-block.maxi-block--backend.image-maxi-1se8ef1z-u figcaption.maxi-image-block__caption a:active span{ color: var(--maxi-light-link-active,rgba(var(--maxi-light-color-6,201,52,10),1));}body.maxi-blocks--active .edit-post-visual-editor .maxi-block.maxi-block--backend.image-maxi-1se8ef1z-u figcaption.maxi-image-block__caption a:visited,body.maxi-blocks--active .edit-post-visual-editor[maxi-blocks-responsive] .maxi-block.maxi-block--backend.image-maxi-1se8ef1z-u figcaption.maxi-image-block__caption a:visited{ color: var(--maxi-light-link-visited,rgba(var(--maxi-light-color-6,201,52,10),1));}body.maxi-blocks--active .edit-post-visual-editor[maxi-blocks-responsive="xl"] .maxi-block.maxi-block--backend.image-maxi-1se8ef1z-u figcaption.maxi-image-block__caption a:visited,body.maxi-blocks--active .edit-post-visual-editor[maxi-blocks-responsive="l"] .maxi-block.maxi-block--backend.image-maxi-1se8ef1z-u figcaption.maxi-image-block__caption a:visited,body.maxi-blocks--active .edit-post-visual-editor[maxi-blocks-responsive="m"] .maxi-block.maxi-block--backend.image-maxi-1se8ef1z-u figcaption.maxi-image-block__caption a:visited,body.maxi-blocks--active .edit-post-visual-editor[maxi-blocks-responsive="s"] .maxi-block.maxi-block--backend.image-maxi-1se8ef1z-u figcaption.maxi-image-block__caption a:visited,body.maxi-blocks--active .edit-post-visual-editor[maxi-blocks-responsive="xs"] .maxi-block.maxi-block--backend.image-maxi-1se8ef1z-u figcaption.maxi-image-block__caption a:visited{ color: var(--maxi-light-link-visited,rgba(var(--maxi-light-color-6,201,52,10),1));}body.maxi-blocks--active .edit-post-visual-editor .maxi-block.maxi-block--backend.image-maxi-1se8ef1z-u figcaption.maxi-image-block__caption a:visited span,body.maxi-blocks--active .edit-post-visual-editor[maxi-blocks-responsive] .maxi-block.maxi-block--backend.image-maxi-1se8ef1z-u figcaption.maxi-image-block__caption a:visited span{ color: var(--maxi-light-link-visited,rgba(var(--maxi-light-color-6,201,52,10),1));}body.maxi-blocks--active .edit-post-visual-editor[maxi-blocks-responsive="xl"] .maxi-block.maxi-block--backend.image-maxi-1se8ef1z-u figcaption.maxi-image-block__caption a:visited span,body.maxi-blocks--active .edit-post-visual-editor[maxi-blocks-responsive="l"] .maxi-block.maxi-block--backend.image-maxi-1se8ef1z-u figcaption.maxi-image-block__caption a:visited span,body.maxi-blocks--active .edit-post-visual-editor[maxi-blocks-responsive="m"] .maxi-block.maxi-block--backend.image-maxi-1se8ef1z-u figcaption.maxi-image-block__caption a:visited span,body.maxi-blocks--active .edit-post-visual-editor[maxi-blocks-responsive="s"] .maxi-block.maxi-block--backend.image-maxi-1se8ef1z-u figcaption.maxi-image-block__caption a:visited span,body.maxi-blocks--active .edit-post-visual-editor[maxi-blocks-responsive="xs"] .maxi-block.maxi-block--backend.image-maxi-1se8ef1z-u figcaption.maxi-image-block__caption a:visited span{ color: var(--maxi-light-link-visited,rgba(var(--maxi-light-color-6,201,52,10),1));}body.maxi-blocks--active .edit-post-visual-editor .maxi-block.maxi-block--backend.image-maxi-1se8ef1z-u.block-editor-block-list__block  figcaption.maxi-image-block__caption a:visited,body.maxi-blocks--active .edit-post-visual-editor[maxi-blocks-responsive] .maxi-block.maxi-block--backend.image-maxi-1se8ef1z-u.block-editor-block-list__block  figcaption.maxi-image-block__caption a:visited{ color: var(--maxi-light-link,rgba(var(--maxi-light-color-4,255,74,23),1));}body.maxi-blocks--active .edit-post-visual-editor[maxi-blocks-responsive="xl"] .maxi-block.maxi-block--backend.image-maxi-1se8ef1z-u.block-editor-block-list__block  figcaption.maxi-image-block__caption a:visited,body.maxi-blocks--active .edit-post-visual-editor[maxi-blocks-responsive="l"] .maxi-block.maxi-block--backend.image-maxi-1se8ef1z-u.block-editor-block-list__block  figcaption.maxi-image-block__caption a:visited,body.maxi-blocks--active .edit-post-visual-editor[maxi-blocks-responsive="m"] .maxi-block.maxi-block--backend.image-maxi-1se8ef1z-u.block-editor-block-list__block  figcaption.maxi-image-block__caption a:visited,body.maxi-blocks--active .edit-post-visual-editor[maxi-blocks-responsive="s"] .maxi-block.maxi-block--backend.image-maxi-1se8ef1z-u.block-editor-block-list__block  figcaption.maxi-image-block__caption a:visited,body.maxi-blocks--active .edit-post-visual-editor[maxi-blocks-responsive="xs"] .maxi-block.maxi-block--backend.image-maxi-1se8ef1z-u.block-editor-block-list__block  figcaption.maxi-image-block__caption a:visited{ color: var(--maxi-light-link,rgba(var(--maxi-light-color-4,255,74,23),1));}body.maxi-blocks--active .edit-post-visual-editor .maxi-block.maxi-block--backend.image-maxi-1se8ef1z-u figcaption.maxi-image-block__caption a:visited:hover,body.maxi-blocks--active .edit-post-visual-editor[maxi-blocks-responsive] .maxi-block.maxi-block--backend.image-maxi-1se8ef1z-u figcaption.maxi-image-block__caption a:visited:hover{ color: var(--maxi-light-link-hover,rgba(var(--maxi-light-color-6,201,52,10),1));}body.maxi-blocks--active .edit-post-visual-editor[maxi-blocks-responsive="xl"] .maxi-block.maxi-block--backend.image-maxi-1se8ef1z-u figcaption.maxi-image-block__caption a:visited:hover,body.maxi-blocks--active .edit-post-visual-editor[maxi-blocks-responsive="l"] .maxi-block.maxi-block--backend.image-maxi-1se8ef1z-u figcaption.maxi-image-block__caption a:visited:hover,body.maxi-blocks--active .edit-post-visual-editor[maxi-blocks-responsive="m"] .maxi-block.maxi-block--backend.image-maxi-1se8ef1z-u figcaption.maxi-image-block__caption a:visited:hover,body.maxi-blocks--active .edit-post-visual-editor[maxi-blocks-responsive="s"] .maxi-block.maxi-block--backend.image-maxi-1se8ef1z-u figcaption.maxi-image-block__caption a:visited:hover,body.maxi-blocks--active .edit-post-visual-editor[maxi-blocks-responsive="xs"] .maxi-block.maxi-block--backend.image-maxi-1se8ef1z-u figcaption.maxi-image-block__caption a:visited:hover{ color: var(--maxi-light-link-hover,rgba(var(--maxi-light-color-6,201,52,10),1));}body.maxi-blocks--active .edit-post-visual-editor[maxi-blocks-responsive="s"] .maxi-block.maxi-block--backend.image-maxi-1se8ef1z-u,body.maxi-blocks--active .edit-post-visual-editor[maxi-blocks-responsive="xs"] .maxi-block.maxi-block--backend.image-maxi-1se8ef1z-u{ transform: scaleX(0.44) scaleY(0.57) translateX(66px) translateY(57px) rotateX(15deg) rotateY(200deg) rotateZ(100deg) ; transform-origin: 21% 88% ;}</style>"`;
