// Jest Snapshot v1, https://goo.gl/fbAQLP

exports[`TextShadowControl Checking the text shadow control 1`] = `"<style>body.maxi-blocks--active .edit-post-visual-editor .maxi-block.maxi-block--backend.text-maxi-12 .maxi-text-block--link, .maxi-text-block--link span,body.maxi-blocks--active .edit-post-visual-editor[maxi-blocks-responsive] .maxi-block.maxi-block--backend.text-maxi-12 .maxi-text-block--link, .maxi-text-block--link span{ transition: all 0.3s ease;}body.maxi-blocks--active .edit-post-visual-editor .maxi-block.maxi-block--backend.text-maxi-12 p.maxi-text-block__content,body.maxi-blocks--active .edit-post-visual-editor[maxi-blocks-responsive] .maxi-block.maxi-block--backend.text-maxi-12 p.maxi-text-block__content{ color: var(--maxi-light-p-color,rgba(var(--maxi-light-color-3),1)); text-shadow: 4px 4px 0px rgba(var(--maxi-light-color-8),0.21);}body.maxi-blocks--active .edit-post-visual-editor .maxi-block.maxi-block--backend.text-maxi-12 a p.maxi-text-block__content,body.maxi-blocks--active .edit-post-visual-editor[maxi-blocks-responsive] .maxi-block.maxi-block--backend.text-maxi-12 a p.maxi-text-block__content{ color: var(--maxi-light-link,rgba(var(--maxi-light-color-4),1));}body.maxi-blocks--active .edit-post-visual-editor .maxi-block.maxi-block--backend.text-maxi-12 a p.maxi-text-block__content:hover,body.maxi-blocks--active .edit-post-visual-editor[maxi-blocks-responsive] .maxi-block.maxi-block--backend.text-maxi-12 a p.maxi-text-block__content:hover{ color: var(--maxi-light-link-hover,rgba(var(--maxi-light-color-6),1));}body.maxi-blocks--active .edit-post-visual-editor .maxi-block.maxi-block--backend.text-maxi-12 a p.maxi-text-block__content:hover span,body.maxi-blocks--active .edit-post-visual-editor[maxi-blocks-responsive] .maxi-block.maxi-block--backend.text-maxi-12 a p.maxi-text-block__content:hover span{ color: var(--maxi-light-link-hover,rgba(var(--maxi-light-color-6),1));}body.maxi-blocks--active .edit-post-visual-editor .maxi-block.maxi-block--backend.text-maxi-12 a p.maxi-text-block__content:active,body.maxi-blocks--active .edit-post-visual-editor[maxi-blocks-responsive] .maxi-block.maxi-block--backend.text-maxi-12 a p.maxi-text-block__content:active{ color: var(--maxi-light-link-active,rgba(var(--maxi-light-color-6),1));}body.maxi-blocks--active .edit-post-visual-editor .maxi-block.maxi-block--backend.text-maxi-12 a p.maxi-text-block__content:active span,body.maxi-blocks--active .edit-post-visual-editor[maxi-blocks-responsive] .maxi-block.maxi-block--backend.text-maxi-12 a p.maxi-text-block__content:active span{ color: var(--maxi-light-link-active,rgba(var(--maxi-light-color-6),1));}body.maxi-blocks--active .edit-post-visual-editor .maxi-block.maxi-block--backend.text-maxi-12 a p.maxi-text-block__content:visited,body.maxi-blocks--active .edit-post-visual-editor[maxi-blocks-responsive] .maxi-block.maxi-block--backend.text-maxi-12 a p.maxi-text-block__content:visited{ color: var(--maxi-light-link-visited,rgba(var(--maxi-light-color-6),1));}body.maxi-blocks--active .edit-post-visual-editor .maxi-block.maxi-block--backend.text-maxi-12 a p.maxi-text-block__content:visited span,body.maxi-blocks--active .edit-post-visual-editor[maxi-blocks-responsive] .maxi-block.maxi-block--backend.text-maxi-12 a p.maxi-text-block__content:visited span{ color: var(--maxi-light-link-visited,rgba(var(--maxi-light-color-6),1));}body.maxi-blocks--active .edit-post-visual-editor .maxi-block.maxi-block--backend.text-maxi-12 p.maxi-text-block__content a,body.maxi-blocks--active .edit-post-visual-editor[maxi-blocks-responsive] .maxi-block.maxi-block--backend.text-maxi-12 p.maxi-text-block__content a{ color: var(--maxi-light-link,rgba(var(--maxi-light-color-4),1));}body.maxi-blocks--active .edit-post-visual-editor .maxi-block.maxi-block--backend.text-maxi-12 p.maxi-text-block__content a:hover,body.maxi-blocks--active .edit-post-visual-editor[maxi-blocks-responsive] .maxi-block.maxi-block--backend.text-maxi-12 p.maxi-text-block__content a:hover{ color: var(--maxi-light-link-hover,rgba(var(--maxi-light-color-6),1));}body.maxi-blocks--active .edit-post-visual-editor .maxi-block.maxi-block--backend.text-maxi-12 p.maxi-text-block__content a:hover span,body.maxi-blocks--active .edit-post-visual-editor[maxi-blocks-responsive] .maxi-block.maxi-block--backend.text-maxi-12 p.maxi-text-block__content a:hover span{ color: var(--maxi-light-link-hover,rgba(var(--maxi-light-color-6),1));}body.maxi-blocks--active .edit-post-visual-editor .maxi-block.maxi-block--backend.text-maxi-12 p.maxi-text-block__content a:active,body.maxi-blocks--active .edit-post-visual-editor[maxi-blocks-responsive] .maxi-block.maxi-block--backend.text-maxi-12 p.maxi-text-block__content a:active{ color: var(--maxi-light-link-active,rgba(var(--maxi-light-color-6),1));}body.maxi-blocks--active .edit-post-visual-editor .maxi-block.maxi-block--backend.text-maxi-12 p.maxi-text-block__content a:active span,body.maxi-blocks--active .edit-post-visual-editor[maxi-blocks-responsive] .maxi-block.maxi-block--backend.text-maxi-12 p.maxi-text-block__content a:active span{ color: var(--maxi-light-link-active,rgba(var(--maxi-light-color-6),1));}body.maxi-blocks--active .edit-post-visual-editor .maxi-block.maxi-block--backend.text-maxi-12 p.maxi-text-block__content a:visited,body.maxi-blocks--active .edit-post-visual-editor[maxi-blocks-responsive] .maxi-block.maxi-block--backend.text-maxi-12 p.maxi-text-block__content a:visited{ color: var(--maxi-light-link-visited,rgba(var(--maxi-light-color-6),1));}body.maxi-blocks--active .edit-post-visual-editor .maxi-block.maxi-block--backend.text-maxi-12 p.maxi-text-block__content a:visited span,body.maxi-blocks--active .edit-post-visual-editor[maxi-blocks-responsive] .maxi-block.maxi-block--backend.text-maxi-12 p.maxi-text-block__content a:visited span{ color: var(--maxi-light-link-visited,rgba(var(--maxi-light-color-6),1));}</style>"`;
