{
    "general": {
        "box-shadow": "inset 1px 2px 3px 4px rgb(255, 99, 71)"
    },
    "xxl": {
        "box-shadow": "inset 5px 6px 7px 8px rgb(255, 99, 72)"
    },
    "xl": {
        "box-shadow": "inset 9px 10px 11px 12px rgb(255, 99, 73)"
    },
    "l": {
        "box-shadow": "inset 13px 14px 15px 16px rgb(255, 99, 74)"
    },
    "m": {
        "box-shadow": "17px 18px 19px 20px rgb(255, 99, 75)"
    },
    "s": {
        "box-shadow": "21px 22px 23px 24px rgb(255, 99, 76)"
    },
    "xs": {
        "box-shadow": "inset 25px 26px 27px 28px rgb(255, 99, 77)"
    }
}
