{
	"maxi-test > .maxi-background-displayer": {
		"border": {
			"general": {},
			"xxl": {},
			"xl": {},
			"l": {},
			"m": {},
			"s": {},
			"xs": {}
		}
	},
	"maxi-test > .maxi-background-displayer .maxi-background-displayer__0": {
		"color": {
			"label": "Background Color",
			"general": {
				"width": "100%",
				"height": "100%",
				"background-color": "rgba(var(--maxi-light-color-1,255,255,255),1)",
				"display": "block"
			},
			"xxl": {
				"width": "100%",
				"height": "100%",
				"background-color": "rgba(var(--maxi-light-color-1,255,255,255),1)"
			},
			"xl": {
				"width": "100%",
				"height": "100%",
				"background-color": "rgba(var(--maxi-light-color-1,255,255,255),1)"
			},
			"l": {
				"width": "100%",
				"height": "100%",
				"background-color": "rgba(var(--maxi-light-color-1,255,255,255),1)"
			},
			"m": {
				"width": "100%",
				"height": "100%",
				"background-color": "rgba(var(--maxi-light-color-1,255,255,255),1)"
			},
			"s": {
				"width": "100%",
				"height": "100%",
				"background-color": "rgba(var(--maxi-light-color-1,255,255,255),1)"
			},
			"xs": {
				"width": "100%",
				"height": "100%",
				"background-color": "rgba(var(--maxi-light-color-1,255,255,255),1)"
			}
		}
	},
	"maxi-test > .maxi-background-displayer .maxi-background-displayer__1": {
		"image": {
			"label": "Background layer wrapper",
			"general": {
				"width": "100%",
				"height": "100%",
				"top": "10px",
				"right": "10px",
				"bottom": "10px",
				"left": "10px",
				"display": "block"
			},
			"xxl": {
				"width": "100%",
				"height": "100%",
				"top": "10px",
				"right": "10px",
				"bottom": "10px",
				"left": "10px"
			},
			"xl": {
				"width": "100%",
				"height": "100%",
				"top": "10px",
				"right": "10px",
				"bottom": "10px",
				"left": "10px"
			},
			"l": {
				"width": "100%",
				"height": "100%",
				"top": "10px",
				"right": "10px",
				"bottom": "10px",
				"left": "10px"
			},
			"m": {
				"width": "100%",
				"height": "100%",
				"top": "10px",
				"right": "10px",
				"bottom": "10px",
				"left": "10px"
			},
			"s": {
				"width": "100%",
				"height": "100%",
				"top": "10px",
				"right": "10px",
				"bottom": "10px",
				"left": "10px"
			},
			"xs": {
				"width": "100%",
				"height": "100%",
				"top": "10px",
				"right": "10px",
				"bottom": "10px",
				"left": "10px"
			}
		}
	},
	"maxi-test > .maxi-background-displayer .maxi-background-displayer__2": {
		"video": {
			"label": "Background layer wrapper",
			"general": {
				"opacity": 1,
				"width": "100%",
				"height": "100%",
				"display": "block"
			},
			"xxl": {
				"opacity": 1,
				"width": "100%",
				"height": "100%"
			},
			"xl": {
				"opacity": 1,
				"width": "100%",
				"height": "100%"
			},
			"l": {
				"opacity": 1,
				"width": "100%",
				"height": "100%"
			},
			"m": {
				"opacity": 1,
				"width": "100%",
				"height": "100%"
			},
			"s": {
				"opacity": 1,
				"width": "100%",
				"height": "100%"
			},
			"xs": {
				"opacity": 1,
				"width": "100%",
				"height": "100%"
			}
		}
	},
	"maxi-test > .maxi-background-displayer .maxi-background-displayer__3": {
		"gradient": {
			"label": "Background layer wrapper",
			"general": {
				"width": "100%",
				"height": "100%",
				"display": "block"
			},
			"xxl": {
				"width": "100%",
				"height": "100%"
			},
			"xl": {
				"width": "100%",
				"height": "100%"
			},
			"l": {
				"width": "100%",
				"height": "100%"
			},
			"m": {
				"width": "100%",
				"height": "100%"
			},
			"s": {
				"width": "100%",
				"height": "100%"
			},
			"xs": {
				"width": "100%",
				"height": "100%"
			}
		}
	},
	"maxi-test > .maxi-background-displayer .maxi-background-displayer__4": {
		"shape": {
			"label": "Background layer wrapper",
			"general": {
				"width": "100%",
				"display": "block"
			},
			"xxl": {
				"width": "100%"
			},
			"xl": {
				"width": "100%"
			},
			"l": {
				"width": "100%"
			},
			"m": {
				"width": "100%"
			},
			"s": {
				"width": "100%"
			},
			"xs": {
				"width": "100%"
			}
		}
	},
	"maxi-test > .maxi-background-displayer .maxi-background-displayer__4 svg *": {
		"shape": {
			"label": "Icon background",
			"general": {
				"fill": "rgba(var(--maxi-light-color-5,0,0,0),1)"
			},
			"xxl": {
				"fill": "rgba(var(--maxi-light-color-5,0,0,0),1)"
			},
			"xl": {
				"fill": "rgba(var(--maxi-light-color-5,0,0,0),1)"
			},
			"l": {
				"fill": "rgba(var(--maxi-light-color-5,0,0,0),1)"
			},
			"m": {
				"fill": "rgba(var(--maxi-light-color-5,0,0,0),1)"
			},
			"s": {
				"fill": "rgba(var(--maxi-light-color-5,0,0,0),1)"
			},
			"xs": {
				"fill": "rgba(var(--maxi-light-color-5,0,0,0),1)"
			}
		}
	},
	"maxi-test > .maxi-background-displayer .maxi-background-displayer__4 > svg:first-child": {
		"shape": {}
	},
	"maxi-test > .maxi-background-displayer .maxi-background-displayer__4 > svg:first-child pattern image": {
		"shape": {}
	}
}
