{
    " .maxi-svg-icon-block__icon svg path": {
        "SVGPath": {
            "label": "SVG path",
            "general": {
                "stroke-width": 2
            },
            "m": {
                "stroke-width": 20
            }
        }
    },
    " .maxi-svg-icon-block__icon svg[data-fill]:not([fill^=\"none\"])": {
        "SVGPathFill": {
            "label": "SVG path-fill",
            "general": {
                "fill": "var(--maxi-light-icon-fill,rgba(var(--maxi-light-color-4,255,74,23),1))"
            }
        }
    },
    " .maxi-svg-icon-block__icon svg[data-fill]:not([fill^=\"none\"]) *": {
        "SVGPathFill": {
            "label": "SVG path-fill",
            "general": {
                "fill": "var(--maxi-light-icon-fill,rgba(var(--maxi-light-color-4,255,74,23),1))"
            }
        }
    },
    " .maxi-svg-icon-block__icon svg g[data-fill]:not([fill^=\"none\"])": {
        "SVGPathFill": {
            "label": "SVG path-fill",
            "general": {
                "fill": "var(--maxi-light-icon-fill,rgba(var(--maxi-light-color-4,255,74,23),1))"
            }
        }
    },
    " .maxi-svg-icon-block__icon svg use[data-fill]:not([fill^=\"none\"])": {
        "SVGPathFill": {
            "label": "SVG path-fill",
            "general": {
                "fill": "var(--maxi-light-icon-fill,rgba(var(--maxi-light-color-4,255,74,23),1))"
            }
        }
    },
    " .maxi-svg-icon-block__icon svg circle[data-fill]:not([fill^=\"none\"])": {
        "SVGPathFill": {
            "label": "SVG path-fill",
            "general": {
                "fill": "var(--maxi-light-icon-fill,rgba(var(--maxi-light-color-4,255,74,23),1))"
            }
        }
    },
    " .maxi-svg-icon-block__icon svg path[data-fill]:not([fill^=\"none\"])": {
        "SVGPathFill": {
            "label": "SVG path-fill",
            "general": {
                "fill": "var(--maxi-light-icon-fill,rgba(var(--maxi-light-color-4,255,74,23),1))"
            }
        }
    },
    " .maxi-svg-icon-block__icon svg[data-stroke]:not([stroke^=\"none\"]) *": {
        "SVGPathStroke": {
            "label": "SVG Path stroke",
            "general": {
                "stroke": "var(--maxi-light-icon-stroke,rgba(var(--maxi-light-color-7,8,18,25),1))"
            }
        }
    },
    " .maxi-svg-icon-block__icon svg path[data-stroke]:not([stroke^=\"none\"])": {
        "SVGPathStroke": {
            "label": "SVG Path stroke",
            "general": {
                "stroke": "var(--maxi-light-icon-stroke,rgba(var(--maxi-light-color-7,8,18,25),1))"
            }
        }
    },
    " .maxi-svg-icon-block__icon svg[data-stroke]:not([stroke^=\"none\"])": {
        "SVGPathStroke": {
            "label": "SVG Path stroke",
            "general": {
                "stroke": "var(--maxi-light-icon-stroke,rgba(var(--maxi-light-color-7,8,18,25),1))"
            }
        }
    },
    " .maxi-svg-icon-block__icon svg g[data-stroke]:not([stroke^=\"none\"])": {
        "SVGPathStroke": {
            "label": "SVG Path stroke",
            "general": {
                "stroke": "var(--maxi-light-icon-stroke,rgba(var(--maxi-light-color-7,8,18,25),1))"
            }
        }
    },
    " .maxi-svg-icon-block__icon svg use[data-stroke]:not([stroke^=\"none\"])": {
        "SVGPathStroke": {
            "label": "SVG Path stroke",
            "general": {
                "stroke": "var(--maxi-light-icon-stroke,rgba(var(--maxi-light-color-7,8,18,25),1))"
            }
        }
    },
    " .maxi-svg-icon-block__icon svg circle[data-stroke]:not([stroke^=\"none\"])": {
        "SVGPathStroke": {
            "label": "SVG Path stroke",
            "general": {
                "stroke": "var(--maxi-light-icon-stroke,rgba(var(--maxi-light-color-7,8,18,25),1))"
            }
        }
    }
}
