// Jest Snapshot v1, https://goo.gl/fbAQLP

exports[`Maxi Cloud Library Maxi Cloud Library does not break 1`] = `"<!-- wp:maxi-blocks/maxi-cloud /-->"`;
