// Jest Snapshot v1, https://goo.gl/fbAQLP

exports[`AxisControl Checking AxisControl async buttons 1`] = `"<style>body.maxi-blocks--active .edit-post-visual-editor .maxi-block.maxi-block--backend.text-maxi-2,body.maxi-blocks--active .edit-post-visual-editor[maxi-blocks-responsive] .maxi-block.maxi-block--backend.text-maxi-2{ margin-top: 66px; margin-right: 77px; margin-bottom: 55%; margin-left: 33px;}body.maxi-blocks--active .edit-post-visual-editor .maxi-block.maxi-block--backend.text-maxi-2 p.maxi-text-block__content,body.maxi-blocks--active .edit-post-visual-editor[maxi-blocks-responsive] .maxi-block.maxi-block--backend.text-maxi-2 p.maxi-text-block__content{ color: var(--maxi-light-p-color,rgba(var(--maxi-light-color-3,155,155,155),1));}body.maxi-blocks--active .edit-post-visual-editor .maxi-block.maxi-block--backend.text-maxi-2 a p.maxi-text-block__content,body.maxi-blocks--active .edit-post-visual-editor[maxi-blocks-responsive] .maxi-block.maxi-block--backend.text-maxi-2 a p.maxi-text-block__content{ color: var(--maxi-light-link,rgba(var(--maxi-light-color-4,255,74,23),1));}body.maxi-blocks--active .edit-post-visual-editor .maxi-block.maxi-block--backend.text-maxi-2 a p.maxi-text-block__content:hover,body.maxi-blocks--active .edit-post-visual-editor[maxi-blocks-responsive] .maxi-block.maxi-block--backend.text-maxi-2 a p.maxi-text-block__content:hover{ color: var(--maxi-light-link-hover,rgba(var(--maxi-light-color-6,201,52,10),1));}body.maxi-blocks--active .edit-post-visual-editor .maxi-block.maxi-block--backend.text-maxi-2 a p.maxi-text-block__content:hover span,body.maxi-blocks--active .edit-post-visual-editor[maxi-blocks-responsive] .maxi-block.maxi-block--backend.text-maxi-2 a p.maxi-text-block__content:hover span{ color: var(--maxi-light-link-hover,rgba(var(--maxi-light-color-6,201,52,10),1));}body.maxi-blocks--active .edit-post-visual-editor .maxi-block.maxi-block--backend.text-maxi-2 a p.maxi-text-block__content:active,body.maxi-blocks--active .edit-post-visual-editor[maxi-blocks-responsive] .maxi-block.maxi-block--backend.text-maxi-2 a p.maxi-text-block__content:active{ color: var(--maxi-light-link-active,rgba(var(--maxi-light-color-6,201,52,10),1));}body.maxi-blocks--active .edit-post-visual-editor .maxi-block.maxi-block--backend.text-maxi-2 a p.maxi-text-block__content:active span,body.maxi-blocks--active .edit-post-visual-editor[maxi-blocks-responsive] .maxi-block.maxi-block--backend.text-maxi-2 a p.maxi-text-block__content:active span{ color: var(--maxi-light-link-active,rgba(var(--maxi-light-color-6,201,52,10),1));}body.maxi-blocks--active .edit-post-visual-editor .maxi-block.maxi-block--backend.text-maxi-2 a p.maxi-text-block__content:visited,body.maxi-blocks--active .edit-post-visual-editor[maxi-blocks-responsive] .maxi-block.maxi-block--backend.text-maxi-2 a p.maxi-text-block__content:visited{ color: var(--maxi-light-link-visited,rgba(var(--maxi-light-color-6,201,52,10),1));}body.maxi-blocks--active .edit-post-visual-editor .maxi-block.maxi-block--backend.text-maxi-2 a p.maxi-text-block__content:visited span,body.maxi-blocks--active .edit-post-visual-editor[maxi-blocks-responsive] .maxi-block.maxi-block--backend.text-maxi-2 a p.maxi-text-block__content:visited span{ color: var(--maxi-light-link-visited,rgba(var(--maxi-light-color-6,201,52,10),1));}body.maxi-blocks--active .edit-post-visual-editor .maxi-block.maxi-block--backend.text-maxi-2 p.maxi-text-block__content a,body.maxi-blocks--active .edit-post-visual-editor[maxi-blocks-responsive] .maxi-block.maxi-block--backend.text-maxi-2 p.maxi-text-block__content a{ color: var(--maxi-light-link,rgba(var(--maxi-light-color-4,255,74,23),1));}body.maxi-blocks--active .edit-post-visual-editor .maxi-block.maxi-block--backend.text-maxi-2 p.maxi-text-block__content a:hover,body.maxi-blocks--active .edit-post-visual-editor[maxi-blocks-responsive] .maxi-block.maxi-block--backend.text-maxi-2 p.maxi-text-block__content a:hover{ color: var(--maxi-light-link-hover,rgba(var(--maxi-light-color-6,201,52,10),1));}body.maxi-blocks--active .edit-post-visual-editor .maxi-block.maxi-block--backend.text-maxi-2 p.maxi-text-block__content a:hover span,body.maxi-blocks--active .edit-post-visual-editor[maxi-blocks-responsive] .maxi-block.maxi-block--backend.text-maxi-2 p.maxi-text-block__content a:hover span{ color: var(--maxi-light-link-hover,rgba(var(--maxi-light-color-6,201,52,10),1));}body.maxi-blocks--active .edit-post-visual-editor .maxi-block.maxi-block--backend.text-maxi-2 p.maxi-text-block__content a:active,body.maxi-blocks--active .edit-post-visual-editor[maxi-blocks-responsive] .maxi-block.maxi-block--backend.text-maxi-2 p.maxi-text-block__content a:active{ color: var(--maxi-light-link-active,rgba(var(--maxi-light-color-6,201,52,10),1));}body.maxi-blocks--active .edit-post-visual-editor .maxi-block.maxi-block--backend.text-maxi-2 p.maxi-text-block__content a:active span,body.maxi-blocks--active .edit-post-visual-editor[maxi-blocks-responsive] .maxi-block.maxi-block--backend.text-maxi-2 p.maxi-text-block__content a:active span{ color: var(--maxi-light-link-active,rgba(var(--maxi-light-color-6,201,52,10),1));}body.maxi-blocks--active .edit-post-visual-editor .maxi-block.maxi-block--backend.text-maxi-2 p.maxi-text-block__content a:visited,body.maxi-blocks--active .edit-post-visual-editor[maxi-blocks-responsive] .maxi-block.maxi-block--backend.text-maxi-2 p.maxi-text-block__content a:visited{ color: var(--maxi-light-link-visited,rgba(var(--maxi-light-color-6,201,52,10),1));}body.maxi-blocks--active .edit-post-visual-editor .maxi-block.maxi-block--backend.text-maxi-2 p.maxi-text-block__content a:visited span,body.maxi-blocks--active .edit-post-visual-editor[maxi-blocks-responsive] .maxi-block.maxi-block--backend.text-maxi-2 p.maxi-text-block__content a:visited span{ color: var(--maxi-light-link-visited,rgba(var(--maxi-light-color-6,201,52,10),1));}</style>"`;
