// Jest Snapshot v1, https://goo.gl/fbAQLP

exports[`Group Maxi Group Maxi Custom CSS 1`] = `"<style>body.maxi-blocks--active .edit-post-visual-editor .maxi-block.maxi-block--backend.group-maxi-1,body.maxi-blocks--active .edit-post-visual-editor[maxi-blocks-responsive] .maxi-block.maxi-block--backend.group-maxi-1{ flex-direction: column; background: red;}body.maxi-blocks--active .edit-post-visual-editor[maxi-blocks-responsive=\"xl\"] .maxi-block.maxi-block--backend.group-maxi-1,body.maxi-blocks--active .edit-post-visual-editor[maxi-blocks-responsive=\"l\"] .maxi-block.maxi-block--backend.group-maxi-1,body.maxi-blocks--active .edit-post-visual-editor[maxi-blocks-responsive=\"m\"] .maxi-block.maxi-block--backend.group-maxi-1,body.maxi-blocks--active .edit-post-visual-editor[maxi-blocks-responsive=\"s\"] .maxi-block.maxi-block--backend.group-maxi-1,body.maxi-blocks--active .edit-post-visual-editor[maxi-blocks-responsive=\"xs\"] .maxi-block.maxi-block--backend.group-maxi-1{ flex-direction: column; background: red;}body.maxi-blocks--active .edit-post-visual-editor .maxi-block.maxi-block--backend.group-maxi-1::before,body.maxi-blocks--active .edit-post-visual-editor[maxi-blocks-responsive] .maxi-block.maxi-block--backend.group-maxi-1::before{ background: red;}body.maxi-blocks--active .edit-post-visual-editor[maxi-blocks-responsive=\"xl\"] .maxi-block.maxi-block--backend.group-maxi-1::before,body.maxi-blocks--active .edit-post-visual-editor[maxi-blocks-responsive=\"l\"] .maxi-block.maxi-block--backend.group-maxi-1::before,body.maxi-blocks--active .edit-post-visual-editor[maxi-blocks-responsive=\"m\"] .maxi-block.maxi-block--backend.group-maxi-1::before,body.maxi-blocks--active .edit-post-visual-editor[maxi-blocks-responsive=\"s\"] .maxi-block.maxi-block--backend.group-maxi-1::before,body.maxi-blocks--active .edit-post-visual-editor[maxi-blocks-responsive=\"xs\"] .maxi-block.maxi-block--backend.group-maxi-1::before{ background: red;}body.maxi-blocks--active .edit-post-visual-editor .maxi-block.maxi-block--backend.group-maxi-1::after,body.maxi-blocks--active .edit-post-visual-editor[maxi-blocks-responsive] .maxi-block.maxi-block--backend.group-maxi-1::after{ background: red;}body.maxi-blocks--active .edit-post-visual-editor[maxi-blocks-responsive=\"xl\"] .maxi-block.maxi-block--backend.group-maxi-1::after,body.maxi-blocks--active .edit-post-visual-editor[maxi-blocks-responsive=\"l\"] .maxi-block.maxi-block--backend.group-maxi-1::after,body.maxi-blocks--active .edit-post-visual-editor[maxi-blocks-responsive=\"m\"] .maxi-block.maxi-block--backend.group-maxi-1::after,body.maxi-blocks--active .edit-post-visual-editor[maxi-blocks-responsive=\"s\"] .maxi-block.maxi-block--backend.group-maxi-1::after,body.maxi-blocks--active .edit-post-visual-editor[maxi-blocks-responsive=\"xs\"] .maxi-block.maxi-block--backend.group-maxi-1::after{ background: red;}</style>"`;

exports[`Group Maxi Group Maxi does not break 1`] = `
"<!-- wp:maxi-blocks/group-maxi {\"maxi-version-current\":\"1.3.1\",\"maxi-version-origin\":\"1.3.1\",\"blockStyle\":\"light\",\"isFirstOnHierarchy\":true,\"uniqueID\":\"group-maxi-1\",\"customLabel\":\"Group_1\"} -->
<div class=\"wp-block-maxi-blocks-group-maxi maxi-block maxi-group-block maxi-light group-maxi-1\" id=\"group-maxi-1\"></div>
<!-- /wp:maxi-blocks/group-maxi -->"
`;

exports[`Group Maxi Group Maxi does not break 2`] = `"<style>body.maxi-blocks--active .edit-post-visual-editor .maxi-block.maxi-block--backend.group-maxi-1,body.maxi-blocks--active .edit-post-visual-editor[maxi-blocks-responsive] .maxi-block.maxi-block--backend.group-maxi-1{ flex-direction: column;}body.maxi-blocks--active .edit-post-visual-editor[maxi-blocks-responsive=\"l\"] .maxi-block.maxi-block--backend.group-maxi-1,body.maxi-blocks--active .edit-post-visual-editor[maxi-blocks-responsive=\"m\"] .maxi-block.maxi-block--backend.group-maxi-1,body.maxi-blocks--active .edit-post-visual-editor[maxi-blocks-responsive=\"s\"] .maxi-block.maxi-block--backend.group-maxi-1,body.maxi-blocks--active .edit-post-visual-editor[maxi-blocks-responsive=\"xs\"] .maxi-block.maxi-block--backend.group-maxi-1{ flex-direction: column;}</style>"`;
