{
    "": {
        "transition": {
            "general": {
                "transition": "border 1.8s 1s ease-in-out, border-radius 1.8s 1s ease-in-out, top 1.8s 1s ease-in-out, left 1.8s 1s ease-in-out, box-shadow 0s 0s"
            },
            "xxl": {
                "transition": "border 0s 0s, border-radius 0s 0s, top 0s 0s, left 0s 0s, box-shadow 1.3s 0.5s linear"
            },
            "l": {
                "transition": "border 1.7s 0.9s ease-out, border-radius 1.7s 0.9s ease-out, top 1.7s 0.9s ease-out, left 1.7s 0.9s ease-out, box-shadow 0.4s 0.1s ease-in"
            },
            "m": {
                "transition": "border 0.5s 0.2s ease-out, border-radius 0.5s 0.2s ease-out, top 0.5s 0.2s ease-out, left 0.5s 0.2s ease-out, box-shadow 1.6s 0.8s ease-in"
            },
            "s": {
                "transition": "border 1.5s 0.7s linear, border-radius 1.5s 0.7s linear, top 1.5s 0.7s linear, left 1.5s 0.7s linear, box-shadow 1.5s 0.7s linear"
            },
            "xs": {
                "transition": "border 1.4s 0.6s ease-in-out, border-radius 1.4s 0.6s ease-in-out, top 1.4s 0.6s ease-in-out, left 1.4s 0.6s ease-in-out, box-shadow 0s 0s"
            }
        }
    },
    ":hover": {
        "transition": {
            "general": {
                "transition": "border 0.3s 0s ease, border-radius 0.3s 0s ease, top 0.3s 0s ease, left 0.3s 0s ease, box-shadow 0s 0s"
            },
            "xxl": {
                "transition": "border 0s 0s, border-radius 0s 0s, top 0s 0s, left 0s 0s, box-shadow 0.8s 0.5s ease-in-out"
            },
            "l": {
                "transition": "border 0s 0s, border-radius 0s 0s, top 0s 0s, left 0s 0s, box-shadow 0.4s 0.1s ease-in"
            },
            "m": {
                "transition": "border 0.5s 0.2s ease-out, border-radius 0.5s 0.2s ease-out, top 0.5s 0.2s ease-out, left 0.5s 0.2s ease-out, box-shadow 0s 0s"
            },
            "s": {
                "transition": "border 0s 0s, border-radius 0s 0s, top 0s 0s, left 0s 0s, box-shadow 0.6s 0.3s ease-in-out"
            },
            "xs": {
                "transition": "border 0.7s 0.4s linear, border-radius 0.7s 0.4s linear, top 0.7s 0.4s linear, left 0.7s 0.4s linear, box-shadow 0s 0s"
            }
        }
    },
    " > .maxi-background-displayer": {
        "transition": {
            "general": {
                "transition": "border 1.8s 1s ease-in-out, border-radius 1.8s 1s ease-in-out, top 1.8s 1s ease-in-out, left 1.8s 1s ease-in-out"
            },
            "xxl": {
                "transition": "border 0s 0s, border-radius 0s 0s, top 0s 0s, left 0s 0s"
            },
            "l": {
                "transition": "border 1.7s 0.9s ease-out, border-radius 1.7s 0.9s ease-out, top 1.7s 0.9s ease-out, left 1.7s 0.9s ease-out"
            },
            "m": {
                "transition": "border 0.5s 0.2s ease-out, border-radius 0.5s 0.2s ease-out, top 0.5s 0.2s ease-out, left 0.5s 0.2s ease-out"
            },
            "s": {
                "transition": "border 1.5s 0.7s linear, border-radius 1.5s 0.7s linear, top 1.5s 0.7s linear, left 1.5s 0.7s linear"
            },
            "xs": {
                "transition": "border 1.4s 0.6s ease-in-out, border-radius 1.4s 0.6s ease-in-out, top 1.4s 0.6s ease-in-out, left 1.4s 0.6s ease-in-out"
            }
        }
    },
    " > .maxi-background-displayer:hover": {
        "transition": {
            "general": {
                "transition": "border 0.3s 0s ease, border-radius 0.3s 0s ease, top 0.3s 0s ease, left 0.3s 0s ease"
            },
            "xxl": {
                "transition": "border 0s 0s, border-radius 0s 0s, top 0s 0s, left 0s 0s"
            },
            "l": {
                "transition": "border 0s 0s, border-radius 0s 0s, top 0s 0s, left 0s 0s"
            },
            "m": {
                "transition": "border 0.5s 0.2s ease-out, border-radius 0.5s 0.2s ease-out, top 0.5s 0.2s ease-out, left 0.5s 0.2s ease-out"
            },
            "s": {
                "transition": "border 0s 0s, border-radius 0s 0s, top 0s 0s, left 0s 0s"
            },
            "xs": {
                "transition": "border 0.7s 0.4s linear, border-radius 0.7s 0.4s linear, top 0.7s 0.4s linear, left 0.7s 0.4s linear"
            }
        }
    }
}
