{
    "iconSize": {
        "label": "Icon size",
        "general": {
            "height": "32em",
            "width": "32em"
        },
        "xxl": {
            "height": "32em",
            "width": "32em"
        },
        "xl": {
            "height": "32em",
            "width": "32em"
        },
        "l": {
            "height": "32em",
            "width": "32em"
        },
        "m": {
            "height": "32em",
            "width": "32em"
        },
        "s": {
            "height": "32em",
            "width": "32em"
        },
        "xs": {
            "height": "32em",
            "width": "32em"
        }
    }
}
